Archive member included to satisfy reference by file (symbol)

../app/libapp.a(neopixel_driver.c.obj)
                              (--whole-archive)
libzephyr.a(heap.c.obj)       (--whole-archive)
libzephyr.a(cbprintf_packaged.c.obj)
                              (--whole-archive)
libzephyr.a(printk.c.obj)     (--whole-archive)
libzephyr.a(sem.c.obj)        (--whole-archive)
libzephyr.a(thread_entry.c.obj)
                              (--whole-archive)
libzephyr.a(cbprintf_complete.c.obj)
                              (--whole-archive)
libzephyr.a(cbprintf.c.obj)   (--whole-archive)
libzephyr.a(assert.c.obj)     (--whole-archive)
libzephyr.a(reboot.c.obj)     (--whole-archive)
libzephyr.a(dec.c.obj)        (--whole-archive)
libzephyr.a(hex.c.obj)        (--whole-archive)
libzephyr.a(rb.c.obj)         (--whole-archive)
libzephyr.a(timeutil.c.obj)   (--whole-archive)
libzephyr.a(bitarray.c.obj)   (--whole-archive)
libzephyr.a(ring_buffer.c.obj)
                              (--whole-archive)
libzephyr.a(resource_table.c.obj)
                              (--whole-archive)
libzephyr.a(configs.c.obj)    (--whole-archive)
libzephyr.a(ctrl_partitions.c.obj)
                              (--whole-archive)
libzephyr.a(soc.c.obj)        (--whole-archive)
libzephyr.a(tracing_none.c.obj)
                              (--whole-archive)
arch/common/libarch__common.a(sw_isr_common.c.obj)
                              (--whole-archive)
arch/arch/arm/core/libarch__arm__core.a(fatal.c.obj)
                              (--whole-archive)
arch/arch/arm/core/libarch__arm__core.a(nmi.c.obj)
                              (--whole-archive)
arch/arch/arm/core/libarch__arm__core.a(nmi_on_reset.S.obj)
                              (--whole-archive)
arch/arch/arm/core/cortex_a_r/libarch__arm__core__cortex_a_r.a(exc.S.obj)
                              (--whole-archive)
arch/arch/arm/core/cortex_a_r/libarch__arm__core__cortex_a_r.a(fault.c.obj)
                              (--whole-archive)
arch/arch/arm/core/cortex_a_r/libarch__arm__core__cortex_a_r.a(irq_init.c.obj)
                              (--whole-archive)
arch/arch/arm/core/cortex_a_r/libarch__arm__core__cortex_a_r.a(reboot.c.obj)
                              (--whole-archive)
arch/arch/arm/core/cortex_a_r/libarch__arm__core__cortex_a_r.a(reset.S.obj)
                              (--whole-archive)
arch/arch/arm/core/cortex_a_r/libarch__arm__core__cortex_a_r.a(stacks.c.obj)
                              (--whole-archive)
arch/arch/arm/core/cortex_a_r/libarch__arm__core__cortex_a_r.a(tcm.c.obj)
                              (--whole-archive)
arch/arch/arm/core/cortex_a_r/libarch__arm__core__cortex_a_r.a(vector_table.S.obj)
                              (--whole-archive)
arch/arch/arm/core/cortex_a_r/libarch__arm__core__cortex_a_r.a(irq_manage.c.obj)
                              (--whole-archive)
arch/arch/arm/core/cortex_a_r/libarch__arm__core__cortex_a_r.a(prep_c.c.obj)
                              (--whole-archive)
arch/arch/arm/core/cortex_a_r/libarch__arm__core__cortex_a_r.a(thread.c.obj)
                              (--whole-archive)
arch/arch/arm/core/cortex_a_r/libarch__arm__core__cortex_a_r.a(cpu_idle.S.obj)
                              (--whole-archive)
arch/arch/arm/core/cortex_a_r/libarch__arm__core__cortex_a_r.a(smp.c.obj)
                              (--whole-archive)
arch/arch/arm/core/cortex_a_r/libarch__arm__core__cortex_a_r.a(isr_wrapper.S.obj)
                              (--whole-archive)
arch/arch/arm/core/cortex_a_r/libarch__arm__core__cortex_a_r.a(swap_helper.S.obj)
                              (--whole-archive)
arch/arch/arm/core/cortex_a_r/libarch__arm__core__cortex_a_r.a(exc_exit.S.obj)
                              (--whole-archive)
lib/libc/minimal/liblib__libc__minimal.a(atoi.c.obj)
                              (--whole-archive)
lib/libc/minimal/liblib__libc__minimal.a(strtol.c.obj)
                              (--whole-archive)
lib/libc/minimal/liblib__libc__minimal.a(strtoul.c.obj)
                              (--whole-archive)
lib/libc/minimal/liblib__libc__minimal.a(strtoll.c.obj)
                              (--whole-archive)
lib/libc/minimal/liblib__libc__minimal.a(strtoull.c.obj)
                              (--whole-archive)
lib/libc/minimal/liblib__libc__minimal.a(bsearch.c.obj)
                              (--whole-archive)
lib/libc/minimal/liblib__libc__minimal.a(exit.c.obj)
                              (--whole-archive)
lib/libc/minimal/liblib__libc__minimal.a(qsort.c.obj)
                              (--whole-archive)
lib/libc/minimal/liblib__libc__minimal.a(strerror.c.obj)
                              (--whole-archive)
lib/libc/minimal/liblib__libc__minimal.a(strncasecmp.c.obj)
                              (--whole-archive)
lib/libc/minimal/liblib__libc__minimal.a(strstr.c.obj)
                              (--whole-archive)
lib/libc/minimal/liblib__libc__minimal.a(string.c.obj)
[...]
Memory Configuration

Name             Origin             Length             Attributes
FLASH            0x00000000         0x00000000         xr
RAM              0x00000000         0x00008000         xw
ATCM             0x00000000         0x00008000         rw
BTCM             0x41010000         0x00008000         rw
RSC_TABLE        0xa1100000         0x00100000         rw
DRAM             0xa1200000         0x00e00000         rw
IDT_LIST         0xffff8000         0x00008000         xw
*default*        0x00000000         0xffffffff

Linker script and memory map

LOAD CMakeFiles/zephyr_final.dir/misc/empty_file.c.obj
LOAD CMakeFiles/zephyr_final.dir/isr_tables.c.obj
LOAD CMakeFiles/offsets.dir/arch/arm/core/offsets/offsets.c.obj
LOAD ../app/libapp.a
LOAD libzephyr.a
LOAD arch/common/libarch__common.a
LOAD arch/arch/arm/core/libarch__arm__core.a
LOAD arch/arch/arm/core/cortex_a_r/libarch__arm__core__cortex_a_r.a
LOAD lib/libc/minimal/liblib__libc__minimal.a
LOAD lib/libc/common/liblib__libc__common.a
LOAD drivers/interrupt_controller/libdrivers__interrupt_controller.a
LOAD drivers/console/libdrivers__console.a
LOAD drivers/gpio/libdrivers__gpio.a
LOAD drivers/pinctrl/libdrivers__pinctrl.a
LOAD drivers/serial/libdrivers__serial.a
LOAD drivers/timer/libdrivers__timer.a
LOAD ../modules/libmetal/libmetal/lib/libmetal.a
LOAD ../modules/open-amp/open-amp/lib/libopen_amp.a
LOAD kernel/libkernel.a
LOAD arch/common/libisr_tables.a
LOAD /usr/lib/gcc/arm-none-eabi/14.2.1/thumb/v7-r+fp.sp/hard/libgcc.a
                0x00000004                        _region_min_align = 0x4

.rel.plt        0x00000000        0x0
 *(SORT_BY_ALIGNMENT(.rel.plt))
                [!provide]                        PROVIDE (__rel_iplt_start = .)
 *(SORT_BY_ALIGNMENT(.rel.iplt))
 .rel.iplt      0x00000000        0x0 CMakeFiles/zephyr_final.dir/isr_tables.c.obj
                [!provide]                        PROVIDE (__rel_iplt_end = .)

.rela.plt       0x00000000        0x0
 *(SORT_BY_ALIGNMENT(.rela.plt))
                [!provide]                        PROVIDE (__rela_iplt_start = .)
 *(SORT_BY_ALIGNMENT(.rela.iplt))
                [!provide]                        PROVIDE (__rela_iplt_end = .)

.rel.dyn
 *(SORT_BY_ALIGNMENT(.rel.*))

.rela.dyn
 *(SORT_BY_ALIGNMENT(.rela.*))

.plt
 *(SORT_BY_ALIGNMENT(.plt))

.iplt           0x00000000        0x0
 *(SORT_BY_ALIGNMENT(.iplt))
 .iplt          0x00000000        0x0 CMakeFiles/zephyr_final.dir/isr_tables.c.obj
                0x00000000                        __rom_region_start = 0x0

rom_start       0x00000000       0x3c
                0x00000000                        __rom_start_address = .
 FILL mask 0x00
                0x00000000                        . = (. + (0x0 - (. - __rom_start_address)))
                0x00000000                        . = ALIGN (0x4)
                0x00000000                        _vector_start = .
 *(SORT_BY_ALIGNMENT(.exc_vector_table))
 *(SORT_BY_ALIGNMENT(.exc_vector_table.*))
 .exc_vector_table._vector_table_section
                0x00000000       0x3c arch/arch/arm/core/cortex_a_r/libarch__arm__core__cortex_a_r.a(vector_table.S.obj)
                0x00000000                _vector_table
 *(SORT_BY_ALIGNMENT(.vectors))
                0x0000003c                        _vector_end = .

text            0x00000040     0x2f80
                0x00000040                        . = ALIGN (_region_min_align)
                0x00000040                        __text_region_start = .
                0x00000040                        z_mapped_start = .
 *(SORT_BY_ALIGNMENT(.text))
 .text          0x00000040       0x30 /usr/lib/gcc/arm-none-eabi/14.2.1/thumb/v7-r+fp.sp/hard/libgcc.a(_aeabi_uldivmod.o)
                0x00000040                __aeabi_uldivmod
 .text          0x00000070      0x3b4 /usr/lib/gcc/arm-none-eabi/14.2.1/thumb/v7-r+fp.sp/hard/libgcc.a(_udivmoddi4.o)
                0x00000070                __udivmoddi4
 .text          0x00000424        0x4 /usr/lib/gcc/arm-none-eabi/14.2.1/thumb/v7-r+fp.sp/hard/libgcc.a(_dvmd_tls.o)
                0x00000424                __aeabi_ldiv0
                0x00000424                __aeabi_idiv0
 *(SORT_BY_ALIGNMENT(.text.*))
 .text.gpio_pin_set_dt.constprop.0.isra.0
                0x00000428       0x24 ../app/libapp.a(neopixel_driver.c.obj)
 .text.main     0x0000044c       0xfc ../app/libapp.a(neopixel_driver.c.obj)
                0x0000044c                main
 .text.char_out
                0x00000548        0xc libzephyr.a(printk.c.obj)
 .text.__printk_hook_install
                0x00000554        0xc libzephyr.a(printk.c.obj)
                0x00000554                __printk_hook_install
 .text.vprintk  0x00000560       0x1c libzephyr.a(printk.c.obj)
                0x00000560                vprintk
 .text.z_cbvprintf_impl
                0x0000057c      0xd54 libzephyr.a(cbprintf_complete.c.obj)
                0x0000057c                z_cbvprintf_impl
 .text.z_arm_nmi
                0x000012d0       0x14 arch/arch/arm/core/libarch__arm__core.a(nmi.c.obj)
                0x000012d0                z_arm_nmi
 .text.z_SysNmiOnReset
                0x000012e4        0x8 arch/arch/arm/core/libarch__arm__core.a(nmi_on_reset.S.obj)
                0x000012e4                z_SysNmiOnReset
 .text.__exc    0x000012ec      0x11c arch/arch/arm/core/cortex_a_r/libarch__arm__core__cortex_a_r.a(exc.S.obj)
                0x000012ec                z_arm_undef_instruction
                0x0000135c                z_arm_prefetch_abort
                0x000013ac                z_arm_data_abort
 .text.z_arm_fault_undef_instruction_fp
                0x00001408       0x60 arch/arch/arm/core/cortex_a_r/libarch__arm__core__cortex_a_r.a(fault.c.obj)
                0x00001408                z_arm_fault_undef_instruction_fp
 .text._reset_section
                0x00001468       0x78 arch/arch/arm/core/cortex_a_r/libarch__arm__core__cortex_a_r.a(reset.S.obj)
                0x00001468                z_arm_reset
                0x00001468                __start
 .text.z_prep_c
                0x000014e0       0x30 arch/arch/arm/core/cortex_a_r/libarch__arm__core__cortex_a_r.a(prep_c.c.obj)
                0x000014e0                z_prep_c
 .text.arch_new_thread
                0x00001510       0x44 arch/arch/arm/core/cortex_a_r/libarch__arm__core__cortex_a_r.a(thread.c.obj)
                0x00001510                arch_new_thread
 .text.arch_float_disable
                0x00001554       0x40 arch/arch/arm/core/cortex_a_r/libarch__arm__core__cortex_a_r.a(thread.c.obj)
                0x00001554                arch_float_disable
 .text.arch_cpu_idle
                0x00001594       0x14 arch/arch/arm/core/cortex_a_r/libarch__arm__core__cortex_a_r.a(cpu_idle.S.obj)
                0x00001594                arch_cpu_idle
 .text._isr_wrapper
                0x000015a8       0xb8 arch/arch/arm/core/cortex_a_r/libarch__arm__core__cortex_a_r.a(isr_wrapper.S.obj)
                0x000015a8                _isr_wrapper
 .text.z_arm_do_swap
                0x00001660       0xbc arch/arch/arm/core/cortex_a_r/libarch__arm__core__cortex_a_r.a(swap_helper.S.obj)
                0x00001660                z_arm_do_swap
 .text.z_arm_svc
                0x0000171c       0xc0 arch/arch/arm/core/cortex_a_r/libarch__arm__core__cortex_a_r.a(swap_helper.S.obj)
                0x0000171c                z_arm_svc
 .text.z_arm_cortex_r_svc
                0x000017dc        0x8 arch/arch/arm/core/cortex_a_r/libarch__arm__core__cortex_a_r.a(swap_helper.S.obj)
                0x000017dc                z_arm_cortex_r_svc
 .text._HandlerModeExit
                0x000017e4      0x164 arch/arch/arm/core/cortex_a_r/libarch__arm__core__cortex_a_r.a(exc_exit.S.obj)
                0x000017e4                z_arm_int_exit
                0x0000188c                z_arm_exc_exit
 .text._exit    0x00001948       0x10 lib/libc/minimal/liblib__libc__minimal.a(exit.c.obj)
                0x00001948                _exit
 .text.__stdout_hook_install
                0x00001958        0xc lib/libc/minimal/liblib__libc__minimal.a(stdout_console.c.obj)
                0x00001958                __stdout_hook_install
 .text.z_impl_zephyr_fputc
                0x00001964       0x18 lib/libc/minimal/liblib__libc__minimal.a(stdout_console.c.obj)
                0x00001964                z_impl_zephyr_fputc
 .text.printf   0x0000197c       0x28 lib/libc/minimal/liblib__libc__minimal.a(fprintf.c.obj)
                0x0000197c                printf
 .text.z_vim_irq_get_active
                0x000019a4       0x48 drivers/interrupt_controller/libdrivers__interrupt_controller.a(intc_vim.c.obj)
                0x000019a4                z_vim_irq_get_active
 .text.z_vim_irq_eoi
                0x000019ec       0x10 drivers/interrupt_controller/libdrivers__interrupt_controller.a(intc_vim.c.obj)
                0x000019ec                z_vim_irq_eoi
 .text.z_vim_irq_priority_set
                0x000019fc       0x50 drivers/interrupt_controller/libdrivers__interrupt_controller.a(intc_vim.c.obj)
                0x000019fc                z_vim_irq_priority_set
 .text.z_vim_irq_enable
                0x00001a4c       0x24 drivers/interrupt_controller/libdrivers__interrupt_controller.a(intc_vim.c.obj)
                0x00001a4c                z_vim_irq_enable
 .text.uart_console_init
                0x00001a70       0x28 drivers/console/libdrivers__console.a(uart_console.c.obj)
 .text.console_out
                0x00001a98       0x28 drivers/console/libdrivers__console.a(uart_console.c.obj)
 .text.pinctrl_configure_pins
                0x00001ac0       0x2c drivers/pinctrl/libdrivers__pinctrl.a(pinctrl_ti_k3.c.obj)
                0x00001ac0                pinctrl_configure_pins
 .text.ti_dmtimer_isr
                0x00001aec       0x68 drivers/timer/libdrivers__timer.a(ti_dmtimer.c.obj)
 .text.sys_clock_driver_init
                0x00001b54       0xe8 drivers/timer/libdrivers__timer.a(ti_dmtimer.c.obj)
 .text.sys_clock_set_timeout
                0x00001c3c       0x5c drivers/timer/libdrivers__timer.a(ti_dmtimer.c.obj)
                0x00001c3c                sys_clock_set_timeout
 .text.sys_clock_cycle_get_32
                0x00001c98       0x24 drivers/timer/libdrivers__timer.a(ti_dmtimer.c.obj)
                0x00001c98                sys_clock_cycle_get_32
 .text.sys_clock_elapsed
                0x00001cbc       0x34 drivers/timer/libdrivers__timer.a(ti_dmtimer.c.obj)
                0x00001cbc                sys_clock_elapsed
 .text.z_impl_k_busy_wait
                0x00001cf0       0x3c kernel/libkernel.a(busy_wait.c.obj)
                0x00001cf0                z_impl_k_busy_wait
 .text.z_fatal_error
                0x00001d2c       0x38 kernel/libkernel.a(fatal.c.obj)
                0x00001d2c                z_fatal_error
 .text.z_sys_init_run_level
                0x00001d64       0x30 kernel/libkernel.a(init.c.obj)
 .text.bg_thread_main
                0x00001d94       0xc0 kernel/libkernel.a(init.c.obj)
 .text.z_bss_zero
                0x00001e54       0x18 kernel/libkernel.a(init.c.obj)
                0x00001e54                z_bss_zero
 .text.z_init_cpu
                0x00001e6c       0x68 kernel/libkernel.a(init.c.obj)
                0x00001e6c                z_init_cpu
 .text.z_cstart
                0x00001ed4       0x94 kernel/libkernel.a(init.c.obj)
                0x00001ed4                z_cstart
 .text.z_setup_new_thread
                0x00001f68       0x50 kernel/libkernel.a(thread.c.obj)
                0x00001f68                z_setup_new_thread
 .text.z_dummy_thread_init
                0x00001fb8       0x14 kernel/libkernel.a(thread.c.obj)
                0x00001fb8                z_dummy_thread_init
 .text.ready_thread
                0x00001fcc       0x7c kernel/libkernel.a(sched.c.obj)
 .text.z_swap_irqlock
                0x00002048       0x24 kernel/libkernel.a(sched.c.obj)
 .text.move_thread_to_end_of_prio_q
                0x0000206c       0x88 kernel/libkernel.a(sched.c.obj)
                0x0000206c                move_thread_to_end_of_prio_q
 .text.z_reschedule
                0x000020f4       0x24 kernel/libkernel.a(sched.c.obj)
                0x000020f4                z_reschedule
 .text.z_reschedule_irqlock
                0x00002118       0x24 kernel/libkernel.a(sched.c.obj)
                0x00002118                z_reschedule_irqlock
 .text.k_sched_lock
                0x0000213c       0x20 kernel/libkernel.a(sched.c.obj)
                0x0000213c                k_sched_lock
 .text.k_sched_unlock
                0x0000215c       0x50 kernel/libkernel.a(sched.c.obj)
                0x0000215c                k_sched_unlock
 .text.z_sched_init
                0x000021ac       0x10 kernel/libkernel.a(sched.c.obj)
                0x000021ac                z_sched_init
 .text.z_impl_k_wakeup
                0x000021bc       0x40 kernel/libkernel.a(sched.c.obj)
                0x000021bc                z_impl_k_wakeup
 .text.z_impl_k_sched_current_thread_query
                0x000021fc        0xc kernel/libkernel.a(sched.c.obj)
                0x000021fc                z_impl_k_sched_current_thread_query
 .text.z_thread_abort
                0x00002208      0x138 kernel/libkernel.a(sched.c.obj)
                0x00002208                z_thread_abort
 .text.slice_timeout
                0x00002340       0x20 kernel/libkernel.a(timeslicing.c.obj)
 .text.thread_is_sliceable
                0x00002360       0x3c kernel/libkernel.a(timeslicing.c.obj)
                0x00002360                thread_is_sliceable
 .text.z_reset_time_slice
                0x0000239c       0x50 kernel/libkernel.a(timeslicing.c.obj)
                0x0000239c                z_reset_time_slice
 .text.z_time_slice
                0x000023ec       0x40 kernel/libkernel.a(timeslicing.c.obj)
                0x000023ec                z_time_slice
 .text.first    0x0000242c       0x10 kernel/libkernel.a(timeout.c.obj)
 .text.elapsed  0x0000243c       0x14 kernel/libkernel.a(timeout.c.obj)
 .text.remove_timeout
                0x00002450       0x38 kernel/libkernel.a(timeout.c.obj)
 .text.z_add_timeout
                0x00002488       0xdc kernel/libkernel.a(timeout.c.obj)
                0x00002488                z_add_timeout
 .text.sys_clock_announce
                0x00002564       0xa0 kernel/libkernel.a(timeout.c.obj)
                0x00002564                sys_clock_announce
 .text.boot_banner
                0x00002604        0xc kernel/libkernel.a(banner.c.obj)
                0x00002604                boot_banner
 .text._OffsetAbsSyms
                0x00002610        0x2 CMakeFiles/offsets.dir/arch/arm/core/offsets/offsets.c.obj
                0x00002610                _OffsetAbsSyms
 .text.arch_printk_char_out
                0x00002612        0x4 libzephyr.a(printk.c.obj)
                0x00002612                arch_printk_char_out
 .text.printk   0x00002616       0x1a libzephyr.a(printk.c.obj)
                0x00002616                printk
 .text.z_thread_entry
                0x00002630       0x14 libzephyr.a(thread_entry.c.obj)
                0x00002630                z_thread_entry
 .text._ldiv5   0x00002644       0x30 libzephyr.a(cbprintf_complete.c.obj)
 .text.encode_uint
                0x00002674       0x90 libzephyr.a(cbprintf_complete.c.obj)
 .text.outs     0x00002704       0x2e libzephyr.a(cbprintf_complete.c.obj)
 .text._ConfigAbsSyms
                0x00002732        0x2 libzephyr.a(configs.c.obj)
                0x00002732                _ConfigAbsSyms
 .text.k3_unlock_all_ctrl_partitions
                0x00002734        0x2 libzephyr.a(ctrl_partitions.c.obj)
                0x00002734                k3_unlock_all_ctrl_partitions
 .text.z_soc_irq_get_active
                0x00002736        0x4 libzephyr.a(soc.c.obj)
                0x00002736                z_soc_irq_get_active
 .text.z_soc_irq_eoi
                0x0000273a        0x4 libzephyr.a(soc.c.obj)
                0x0000273a                z_soc_irq_eoi
 .text.z_soc_irq_init
                0x0000273e        0x4 libzephyr.a(soc.c.obj)
                0x0000273e                z_soc_irq_init
 .text.z_soc_irq_priority_set
                0x00002742        0x4 libzephyr.a(soc.c.obj)
                0x00002742                z_soc_irq_priority_set
 .text.z_soc_irq_enable
                0x00002746        0x4 libzephyr.a(soc.c.obj)
                0x00002746                z_soc_irq_enable
 .text.soc_early_init_hook
                0x0000274a        0x4 libzephyr.a(soc.c.obj)
                0x0000274a                soc_early_init_hook
 .text.z_arm_fatal_error
                0x0000274e        0x4 arch/arch/arm/core/libarch__arm__core.a(fatal.c.obj)
                0x0000274e                z_arm_fatal_error
 .text.z_do_kernel_oops
                0x00002752        0x8 arch/arch/arm/core/libarch__arm__core.a(fatal.c.obj)
                0x00002752                z_do_kernel_oops
 .text.dump_fault.isra.0
                0x0000275a       0x50 arch/arch/arm/core/cortex_a_r/libarch__arm__core__cortex_a_r.a(fault.c.obj)
 .text.z_arm_fault_undef_instruction
                0x000027aa       0x1e arch/arch/arm/core/cortex_a_r/libarch__arm__core__cortex_a_r.a(fault.c.obj)
                0x000027aa                z_arm_fault_undef_instruction
 .text.z_arm_fault_prefetch
                0x000027c8       0x24 arch/arch/arm/core/cortex_a_r/libarch__arm__core__cortex_a_r.a(fault.c.obj)
                0x000027c8                z_arm_fault_prefetch
 .text.z_arm_fault_data
                0x000027ec       0x24 arch/arch/arm/core/cortex_a_r/libarch__arm__core__cortex_a_r.a(fault.c.obj)
                0x000027ec                z_arm_fault_data
 .text.z_arm_interrupt_init
                0x00002810        0x4 arch/arch/arm/core/cortex_a_r/libarch__arm__core__cortex_a_r.a(irq_init.c.obj)
                0x00002810                z_arm_interrupt_init
 .text.relocate_vector_table
                0x00002814        0x2 arch/arch/arm/core/cortex_a_r/libarch__arm__core__cortex_a_r.a(reboot.c.obj)
                0x00002814                relocate_vector_table
 .text.z_arm_relocate_vector_table
                0x00002816        0x8 arch/arch/arm/core/cortex_a_r/libarch__arm__core__cortex_a_r.a(reboot.c.obj)
                0x00002816                z_arm_relocate_vector_table
 .text.z_irq_spurious
                0x0000281e        0x8 arch/arch/arm/core/cortex_a_r/libarch__arm__core__cortex_a_r.a(irq_manage.c.obj)
                0x0000281e                z_irq_spurious
 .text.strlen   0x00002826        0xe lib/libc/minimal/liblib__libc__minimal.a(string.c.obj)
                0x00002826                strlen
 .text.memset   0x00002834       0x12 lib/libc/minimal/liblib__libc__minimal.a(string.c.obj)
                0x00002834                memset
 .text._stdout_hook_default
                0x00002846        0x6 lib/libc/minimal/liblib__libc__minimal.a(stdout_console.c.obj)
 .text.fputc    0x0000284c        0x4 lib/libc/minimal/liblib__libc__minimal.a(stdout_console.c.obj)
                0x0000284c                fputc
 .text.strnlen  0x00002850       0x12 lib/libc/common/liblib__libc__common.a(strnlen.c.obj)
                0x00002850                strnlen
 .text.z_vim_irq_init
                0x00002862        0xc drivers/interrupt_controller/libdrivers__interrupt_controller.a(intc_vim.c.obj)
                0x00002862                z_vim_irq_init
 .text.gpio_davinci_configure
                0x0000286e       0x34 drivers/gpio/libdrivers__gpio.a(gpio_davinci.c.obj)
 .text.gpio_davinci_port_get_raw
                0x000028a2        0xc drivers/gpio/libdrivers__gpio.a(gpio_davinci.c.obj)
 .text.gpio_davinci_port_set_masked_raw
                0x000028ae       0x12 drivers/gpio/libdrivers__gpio.a(gpio_davinci.c.obj)
 .text.gpio_davinci_port_set_bits_raw
                0x000028c0        0xe drivers/gpio/libdrivers__gpio.a(gpio_davinci.c.obj)
 .text.gpio_davinci_port_clear_bits_raw
                0x000028ce        0xe drivers/gpio/libdrivers__gpio.a(gpio_davinci.c.obj)
 .text.gpio_davinci_port_toggle_bits
                0x000028dc        0xe drivers/gpio/libdrivers__gpio.a(gpio_davinci.c.obj)
 .text.gpio_davinci_bank_0_config
                0x000028ea        0x2 drivers/gpio/libdrivers__gpio.a(gpio_davinci.c.obj)
 .text.gpio_davinci_init
                0x000028ec       0x32 drivers/gpio/libdrivers__gpio.a(gpio_davinci.c.obj)
 .text.pinctrl_lookup_state
                0x0000291e       0x26 drivers/pinctrl/libdrivers__pinctrl.a(common.c.obj)
                0x0000291e                pinctrl_lookup_state
 .text.pinctrl_ti_k3_init
                0x00002944        0x4 drivers/pinctrl/libdrivers__pinctrl.a(pinctrl_ti_k3.c.obj)
 .text.ns16550_read_char
                0x00002948       0x2e drivers/serial/libdrivers__serial.a(uart_ns16550.c.obj)
 .text.uart_ns16550_config_get
                0x00002976       0x1a drivers/serial/libdrivers__serial.a(uart_ns16550.c.obj)
 .text.uart_ns16550_poll_in
                0x00002990       0x16 drivers/serial/libdrivers__serial.a(uart_ns16550.c.obj)
 .text.uart_ns16550_poll_out
                0x000029a6       0x32 drivers/serial/libdrivers__serial.a(uart_ns16550.c.obj)
 .text.uart_ns16550_err_check
                0x000029d8       0x26 drivers/serial/libdrivers__serial.a(uart_ns16550.c.obj)
 .text.uart_ns16550_fifo_fill
                0x000029fe       0x34 drivers/serial/libdrivers__serial.a(uart_ns16550.c.obj)
 .text.uart_ns16550_fifo_read
                0x00002a32       0x3a drivers/serial/libdrivers__serial.a(uart_ns16550.c.obj)
 .text.uart_ns16550_irq_tx_enable
                0x00002a6c       0x2a drivers/serial/libdrivers__serial.a(uart_ns16550.c.obj)
 .text.uart_ns16550_irq_tx_disable
                0x00002a96       0x28 drivers/serial/libdrivers__serial.a(uart_ns16550.c.obj)
 .text.uart_ns16550_irq_tx_ready
                0x00002abe       0x1e drivers/serial/libdrivers__serial.a(uart_ns16550.c.obj)
 .text.uart_ns16550_irq_tx_complete
                0x00002adc       0x2e drivers/serial/libdrivers__serial.a(uart_ns16550.c.obj)
 .text.uart_ns16550_irq_rx_enable
                0x00002b0a       0x2a drivers/serial/libdrivers__serial.a(uart_ns16550.c.obj)
 .text.uart_ns16550_irq_rx_disable
                0x00002b34       0x28 drivers/serial/libdrivers__serial.a(uart_ns16550.c.obj)
 .text.uart_ns16550_irq_rx_ready
                0x00002b5c       0x1e drivers/serial/libdrivers__serial.a(uart_ns16550.c.obj)
 .text.uart_ns16550_irq_err_enable
                0x00002b7a       0x2a drivers/serial/libdrivers__serial.a(uart_ns16550.c.obj)
 .text.uart_ns16550_irq_err_disable
                0x00002ba4       0x28 drivers/serial/libdrivers__serial.a(uart_ns16550.c.obj)
 .text.uart_ns16550_irq_is_pending
                0x00002bcc       0x1a drivers/serial/libdrivers__serial.a(uart_ns16550.c.obj)
 .text.uart_ns16550_irq_update
                0x00002be6       0x26 drivers/serial/libdrivers__serial.a(uart_ns16550.c.obj)
 .text.uart_ns16550_irq_callback_set
                0x00002c0c       0x16 drivers/serial/libdrivers__serial.a(uart_ns16550.c.obj)
 .text.uart_ns16550_isr
                0x00002c22        0xc drivers/serial/libdrivers__serial.a(uart_ns16550.c.obj)
 .text.uart_ns16550_irq_config_func0
                0x00002c2e       0x16 drivers/serial/libdrivers__serial.a(uart_ns16550.c.obj)
 .text.uart_ns16550_configure
                0x00002c44      0x1f6 drivers/serial/libdrivers__serial.a(uart_ns16550.c.obj)
 .text.uart_ns16550_init
                0x00002e3a       0x1a drivers/serial/libdrivers__serial.a(uart_ns16550.c.obj)
 .text.z_device_state_init
                0x00002e54        0x2 kernel/libkernel.a(device.c.obj)
                0x00002e54                z_device_state_init
 .text.z_impl_device_is_ready
                0x00002e56       0x16 kernel/libkernel.a(device.c.obj)
                0x00002e56                z_impl_device_is_ready
 .text.arch_system_halt
                0x00002e6c        0xc kernel/libkernel.a(fatal.c.obj)
                0x00002e6c                arch_system_halt
 .text.k_sys_fatal_error_handler
                0x00002e78        0x6 kernel/libkernel.a(fatal.c.obj)
                0x00002e78                k_sys_fatal_error_handler
 .text.do_device_init
                0x00002e7e       0x2e kernel/libkernel.a(init.c.obj)
 .text.z_early_memset
                0x00002eac        0x4 kernel/libkernel.a(init.c.obj)
                0x00002eac                z_early_memset
 .text.z_init_static
                0x00002eb0        0x2 kernel/libkernel.a(init_static.c.obj)
                0x00002eb0                z_init_static
 .text.idle     0x00002eb2       0x12 kernel/libkernel.a(idle.c.obj)
                0x00002eb2                idle
 .text.sys_dlist_remove
                0x00002ec4       0x10 kernel/libkernel.a(sched.c.obj)
 .text.unpend_thread_no_timeout
                0x00002ed4       0x14 kernel/libkernel.a(sched.c.obj)
 .text.z_ready_thread
                0x00002ee8       0x16 kernel/libkernel.a(sched.c.obj)
                0x00002ee8                z_ready_thread
 .text.z_sched_wake_thread
                0x00002efe       0x32 kernel/libkernel.a(sched.c.obj)
                0x00002efe                z_sched_wake_thread
 .text.z_thread_timeout
                0x00002f30        0x8 kernel/libkernel.a(sched.c.obj)
                0x00002f30                z_thread_timeout
 .text.z_reschedule_unlocked
                0x00002f38        0xe kernel/libkernel.a(sched.c.obj)
 .text.z_impl_k_thread_abort
                0x00002f46        0x4 kernel/libkernel.a(sched.c.obj)
                0x00002f46                z_impl_k_thread_abort
 .text.next_timeout
                0x00002f4a       0x32 kernel/libkernel.a(timeout.c.obj)
 .text.z_abort_timeout
                0x00002f7c       0x3a kernel/libkernel.a(timeout.c.obj)
                0x00002f7c                z_abort_timeout
 *fill*         0x00002fb6        0x2 
 .text.z_abort_timeout.__stub
                0x00002fb8        0x8 linker stubs
 *(SORT_BY_ALIGNMENT(.gnu.linkonce.t.*))
 *(SORT_BY_ALIGNMENT(.glue_7t))
 .glue_7t       0x00002fc0        0x0 linker stubs
 *(SORT_BY_ALIGNMENT(.glue_7))
 .glue_7        0x00002fc0        0x0 linker stubs
 *(SORT_BY_ALIGNMENT(.vfp11_veneer))
 .vfp11_veneer  0x00002fc0        0x0 linker stubs
 *(SORT_BY_ALIGNMENT(.v4_bx))
 .v4_bx         0x00002fc0        0x0 linker stubs
                0x00002fc0                        __text_region_end = .
                0x00002fc0                        . = ALIGN (_region_min_align)
 *fill*         0x00002fc0        0x0 

.ARM.exidx      0x00002fc0        0x8
                0x00002fc0                        __exidx_start = .
 *(SORT_BY_ALIGNMENT(.ARM.exidx*) SORT_BY_ALIGNMENT(gnu.linkonce.armexidx.*))
 .ARM.exidx     0x00002fc0        0x8 /usr/lib/gcc/arm-none-eabi/14.2.1/thumb/v7-r+fp.sp/hard/libgcc.a(_udivmoddi4.o)
                0x00002fc8                        __exidx_end = .

rodata_start    0x00002fc8        0x0
                0x00002fc8                        . = ALIGN (_region_min_align)
                0x00002fc8                        __rodata_region_start = .

initlevel       0x00002fc8       0x30
                0x00002fc8                        __init_start = .
                0x00002fc8                        __init_EARLY_start = .
 *(SORT_BY_NAME(SORT_BY_ALIGNMENT(.z_init_EARLY_P_?_*)))
 *(SORT_BY_NAME(SORT_BY_ALIGNMENT(.z_init_EARLY_P_??_*)))
 *(SORT_BY_NAME(SORT_BY_ALIGNMENT(.z_init_EARLY_P_???_*)))
                0x00002fc8                        __init_PRE_KERNEL_1_start = .
 *(SORT_BY_NAME(SORT_BY_ALIGNMENT(.z_init_PRE_KERNEL_1_P_?_*)))
 *(SORT_BY_NAME(SORT_BY_ALIGNMENT(.z_init_PRE_KERNEL_1_P_??_*)))
 .z_init_PRE_KERNEL_1_P_40_SUB_00014_
                0x00002fc8        0x8 drivers/pinctrl/libdrivers__pinctrl.a(pinctrl_ti_k3.c.obj)
 .z_init_PRE_KERNEL_1_P_50_SUB_00017_
                0x00002fd0        0x8 drivers/serial/libdrivers__serial.a(uart_ns16550.c.obj)
 .z_init_PRE_KERNEL_1_P_60_SUB_0_
                0x00002fd8        0x8 drivers/console/libdrivers__console.a(uart_console.c.obj)
 *(SORT_BY_NAME(SORT_BY_ALIGNMENT(.z_init_PRE_KERNEL_1_P_???_*)))
                0x00002fe0                        __init_PRE_KERNEL_2_start = .
 *(SORT_BY_NAME(SORT_BY_ALIGNMENT(.z_init_PRE_KERNEL_2_P_?_*)))
 .z_init_PRE_KERNEL_2_P_0_SUB_00012_
                0x00002fe0        0x8 drivers/timer/libdrivers__timer.a(ti_dmtimer.c.obj)
 .z_init_PRE_KERNEL_2_P_0_SUB_0_
                0x00002fe8        0x8 drivers/timer/libdrivers__timer.a(ti_dmtimer.c.obj)
 *(SORT_BY_NAME(SORT_BY_ALIGNMENT(.z_init_PRE_KERNEL_2_P_??_*)))
 .z_init_PRE_KERNEL_2_P_40_SUB_00028_
                0x00002ff0        0x8 drivers/gpio/libdrivers__gpio.a(gpio_davinci.c.obj)
 *(SORT_BY_NAME(SORT_BY_ALIGNMENT(.z_init_PRE_KERNEL_2_P_???_*)))
                0x00002ff8                        __init_POST_KERNEL_start = .
 *(SORT_BY_NAME(SORT_BY_ALIGNMENT(.z_init_POST_KERNEL_P_?_*)))
 *(SORT_BY_NAME(SORT_BY_ALIGNMENT(.z_init_POST_KERNEL_P_??_*)))
 *(SORT_BY_NAME(SORT_BY_ALIGNMENT(.z_init_POST_KERNEL_P_???_*)))
                0x00002ff8                        __init_APPLICATION_start = .
 *(SORT_BY_NAME(SORT_BY_ALIGNMENT(.z_init_APPLICATION_P_?_*)))
 *(SORT_BY_NAME(SORT_BY_ALIGNMENT(.z_init_APPLICATION_P_??_*)))
 *(SORT_BY_NAME(SORT_BY_ALIGNMENT(.z_init_APPLICATION_P_???_*)))
                0x00002ff8                        __init_SMP_start = .
 *(SORT_BY_NAME(SORT_BY_ALIGNMENT(.z_init_SMP_P_?_*)))
 *(SORT_BY_NAME(SORT_BY_ALIGNMENT(.z_init_SMP_P_??_*)))
 *(SORT_BY_NAME(SORT_BY_ALIGNMENT(.z_init_SMP_P_???_*)))
                0x00002ff8                        __init_end = .

device_area     0x00002ff8       0x80
                0x00002ff8                        _device_list_start = .
 *(SORT_BY_NAME(SORT_BY_ALIGNMENT(._device.static.*_?_*)))
 ._device.static.2_0_
                0x00002ff8       0x20 drivers/timer/libdrivers__timer.a(ti_dmtimer.c.obj)
                0x00002ff8                __device_dts_ord_12
 *(SORT_BY_NAME(SORT_BY_ALIGNMENT(._device.static.*_??_*)))
 ._device.static.1_40_
                0x00003018       0x20 drivers/pinctrl/libdrivers__pinctrl.a(pinctrl_ti_k3.c.obj)
                0x00003018                __device_dts_ord_14
 ._device.static.1_50_
                0x00003038       0x20 drivers/serial/libdrivers__serial.a(uart_ns16550.c.obj)
                0x00003038                __device_dts_ord_17
 ._device.static.2_40_
                0x00003058       0x20 drivers/gpio/libdrivers__gpio.a(gpio_davinci.c.obj)
                0x00003058                __device_dts_ord_28
 *(SORT_BY_NAME(SORT_BY_ALIGNMENT(._device.static.*_???_*)))
 *(SORT_BY_NAME(SORT_BY_ALIGNMENT(._device.static.*_????_*)))
 *(SORT_BY_NAME(SORT_BY_ALIGNMENT(._device.static.*_?????_*)))
                0x00003078                        _device_list_end = .

sw_isr_table    0x00003078     0x1000
                0x00003078                        . = ALIGN (0x4)
 *(SORT_BY_ALIGNMENT(.gnu.linkonce.sw_isr_table*))
 .gnu.linkonce.sw_isr_table
                0x00003078     0x1000 CMakeFiles/zephyr_final.dir/isr_tables.c.obj
                0x00003078                _sw_isr_table

initlevel_error
 *(SORT_BY_NAME(SORT_BY_ALIGNMENT(.z_init_*)))
                0x00000001                        ASSERT ((SIZEOF (initlevel_error) == 0x0), Undefined initialization levels used.)

app_shmem_regions
                0x00004078        0x0
                0x00004078                        __app_shmem_regions_start = .
 *(SORT_BY_NAME(SORT_BY_ALIGNMENT(.app_regions.*)))
                0x00004078                        __app_shmem_regions_end = .

k_p4wq_initparam_area
                0x00004078        0x0
                0x00004078                        _k_p4wq_initparam_list_start = .
 *(SORT_BY_NAME(SORT_BY_ALIGNMENT(._k_p4wq_initparam.static.*)))
                0x00004078                        _k_p4wq_initparam_list_end = .

_static_thread_data_area
                0x00004078        0x0
                0x00004078                        __static_thread_data_list_start = .
 *(SORT_BY_NAME(SORT_BY_ALIGNMENT(.__static_thread_data.static.*)))
                0x00004078                        __static_thread_data_list_end = .

device_deps     0x00004078        0x0
                0x00004078                        __device_deps_start = .
 *(SORT_BY_NAME(SORT_BY_ALIGNMENT(.__device_deps_pass2*)))
                0x00004078                        __device_deps_end = .

gpio_driver_api_area
                0x00004078       0x24
                0x00004078                        _gpio_driver_api_list_start = .
 *(SORT_BY_NAME(SORT_BY_ALIGNMENT(._gpio_driver_api.static.*)))
 ._gpio_driver_api.static.gpio_davinci_driver_api_
                0x00004078       0x24 drivers/gpio/libdrivers__gpio.a(gpio_davinci.c.obj)
                0x0000409c                        _gpio_driver_api_list_end = .

shared_irq_driver_api_area
                0x0000409c        0x0
                0x0000409c                        _shared_irq_driver_api_list_start = .
 *(SORT_BY_NAME(SORT_BY_ALIGNMENT(._shared_irq_driver_api.static.*)))
                0x0000409c                        _shared_irq_driver_api_list_end = .

crypto_driver_api_area
                0x0000409c        0x0
                0x0000409c                        _crypto_driver_api_list_start = .
 *(SORT_BY_NAME(SORT_BY_ALIGNMENT(._crypto_driver_api.static.*)))
                0x0000409c                        _crypto_driver_api_list_end = .

adc_driver_api_area
                0x0000409c        0x0
                0x0000409c                        _adc_driver_api_list_start = .
 *(SORT_BY_NAME(SORT_BY_ALIGNMENT(._adc_driver_api.static.*)))
                0x0000409c                        _adc_driver_api_list_end = .

auxdisplay_driver_api_area
                0x0000409c        0x0
                0x0000409c                        _auxdisplay_driver_api_list_start = .
 *(SORT_BY_NAME(SORT_BY_ALIGNMENT(._auxdisplay_driver_api.static.*)))
                0x0000409c                        _auxdisplay_driver_api_list_end = .

bbram_driver_api_area
                0x0000409c        0x0
                0x0000409c                        _bbram_driver_api_list_start = .
 *(SORT_BY_NAME(SORT_BY_ALIGNMENT(._bbram_driver_api.static.*)))
                0x0000409c                        _bbram_driver_api_list_end = .

bt_hci_driver_api_area
                0x0000409c        0x0
                0x0000409c                        _bt_hci_driver_api_list_start = .
 *(SORT_BY_NAME(SORT_BY_ALIGNMENT(._bt_hci_driver_api.static.*)))
                0x0000409c                        _bt_hci_driver_api_list_end = .

can_driver_api_area
                0x0000409c        0x0
                0x0000409c                        _can_driver_api_list_start = .
 *(SORT_BY_NAME(SORT_BY_ALIGNMENT(._can_driver_api.static.*)))
                0x0000409c                        _can_driver_api_list_end = .

cellular_driver_api_area
                0x0000409c        0x0
                0x0000409c                        _cellular_driver_api_list_start = .
 *(SORT_BY_NAME(SORT_BY_ALIGNMENT(._cellular_driver_api.static.*)))
                0x0000409c                        _cellular_driver_api_list_end = .

charger_driver_api_area
                0x0000409c        0x0
                0x0000409c                        _charger_driver_api_list_start = .
 *(SORT_BY_NAME(SORT_BY_ALIGNMENT(._charger_driver_api.static.*)))
                0x0000409c                        _charger_driver_api_list_end = .

clock_control_driver_api_area
                0x0000409c        0x0
                0x0000409c                        _clock_control_driver_api_list_start = .
 *(SORT_BY_NAME(SORT_BY_ALIGNMENT(._clock_control_driver_api.static.*)))
                0x0000409c                        _clock_control_driver_api_list_end = .

comparator_driver_api_area
                0x0000409c        0x0
                0x0000409c                        _comparator_driver_api_list_start = .
 *(SORT_BY_NAME(SORT_BY_ALIGNMENT(._comparator_driver_api.static.*)))
                0x0000409c                        _comparator_driver_api_list_end = .

coredump_driver_api_area
                0x0000409c        0x0
                0x0000409c                        _coredump_driver_api_list_start = .
 *(SORT_BY_NAME(SORT_BY_ALIGNMENT(._coredump_driver_api.static.*)))
                0x0000409c                        _coredump_driver_api_list_end = .

counter_driver_api_area
                0x0000409c        0x0
                0x0000409c                        _counter_driver_api_list_start = .
 *(SORT_BY_NAME(SORT_BY_ALIGNMENT(._counter_driver_api.static.*)))
                0x0000409c                        _counter_driver_api_list_end = .

dac_driver_api_area
                0x0000409c        0x0
                0x0000409c                        _dac_driver_api_list_start = .
 *(SORT_BY_NAME(SORT_BY_ALIGNMENT(._dac_driver_api.static.*)))
                0x0000409c                        _dac_driver_api_list_end = .

dai_driver_api_area
                0x0000409c        0x0
                0x0000409c                        _dai_driver_api_list_start = .
 *(SORT_BY_NAME(SORT_BY_ALIGNMENT(._dai_driver_api.static.*)))
                0x0000409c                        _dai_driver_api_list_end = .

display_driver_api_area
                0x0000409c        0x0
                0x0000409c                        _display_driver_api_list_start = .
 *(SORT_BY_NAME(SORT_BY_ALIGNMENT(._display_driver_api.static.*)))
                0x0000409c                        _display_driver_api_list_end = .

dma_driver_api_area
                0x0000409c        0x0
                0x0000409c                        _dma_driver_api_list_start = .
 *(SORT_BY_NAME(SORT_BY_ALIGNMENT(._dma_driver_api.static.*)))
                0x0000409c                        _dma_driver_api_list_end = .

edac_driver_api_area
                0x0000409c        0x0
                0x0000409c                        _edac_driver_api_list_start = .
 *(SORT_BY_NAME(SORT_BY_ALIGNMENT(._edac_driver_api.static.*)))
                0x0000409c                        _edac_driver_api_list_end = .

eeprom_driver_api_area
                0x0000409c        0x0
                0x0000409c                        _eeprom_driver_api_list_start = .
 *(SORT_BY_NAME(SORT_BY_ALIGNMENT(._eeprom_driver_api.static.*)))
                0x0000409c                        _eeprom_driver_api_list_end = .

emul_bbram_driver_api_area
                0x0000409c        0x0
                0x0000409c                        _emul_bbram_driver_api_list_start = .
 *(SORT_BY_NAME(SORT_BY_ALIGNMENT(._emul_bbram_driver_api.static.*)))
                0x0000409c                        _emul_bbram_driver_api_list_end = .

fuel_gauge_emul_driver_api_area
                0x0000409c        0x0
                0x0000409c                        _fuel_gauge_emul_driver_api_list_start = .
 *(SORT_BY_NAME(SORT_BY_ALIGNMENT(._fuel_gauge_emul_driver_api.static.*)))
                0x0000409c                        _fuel_gauge_emul_driver_api_list_end = .

emul_sensor_driver_api_area
                0x0000409c        0x0
                0x0000409c                        _emul_sensor_driver_api_list_start = .
 *(SORT_BY_NAME(SORT_BY_ALIGNMENT(._emul_sensor_driver_api.static.*)))
                0x0000409c                        _emul_sensor_driver_api_list_end = .

entropy_driver_api_area
                0x0000409c        0x0
                0x0000409c                        _entropy_driver_api_list_start = .
 *(SORT_BY_NAME(SORT_BY_ALIGNMENT(._entropy_driver_api.static.*)))
                0x0000409c                        _entropy_driver_api_list_end = .

espi_driver_api_area
                0x0000409c        0x0
                0x0000409c                        _espi_driver_api_list_start = .
 *(SORT_BY_NAME(SORT_BY_ALIGNMENT(._espi_driver_api.static.*)))
                0x0000409c                        _espi_driver_api_list_end = .

espi_saf_driver_api_area
                0x0000409c        0x0
                0x0000409c                        _espi_saf_driver_api_list_start = .
 *(SORT_BY_NAME(SORT_BY_ALIGNMENT(._espi_saf_driver_api.static.*)))
                0x0000409c                        _espi_saf_driver_api_list_end = .

flash_driver_api_area
                0x0000409c        0x0
                0x0000409c                        _flash_driver_api_list_start = .
 *(SORT_BY_NAME(SORT_BY_ALIGNMENT(._flash_driver_api.static.*)))
                0x0000409c                        _flash_driver_api_list_end = .

fpga_driver_api_area
                0x0000409c        0x0
                0x0000409c                        _fpga_driver_api_list_start = .
 *(SORT_BY_NAME(SORT_BY_ALIGNMENT(._fpga_driver_api.static.*)))
                0x0000409c                        _fpga_driver_api_list_end = .

fuel_gauge_driver_api_area
                0x0000409c        0x0
                0x0000409c                        _fuel_gauge_driver_api_list_start = .
 *(SORT_BY_NAME(SORT_BY_ALIGNMENT(._fuel_gauge_driver_api.static.*)))
                0x0000409c                        _fuel_gauge_driver_api_list_end = .

gnss_driver_api_area
                0x0000409c        0x0
                0x0000409c                        _gnss_driver_api_list_start = .
 *(SORT_BY_NAME(SORT_BY_ALIGNMENT(._gnss_driver_api.static.*)))
                0x0000409c                        _gnss_driver_api_list_end = .

haptics_driver_api_area
                0x0000409c        0x0
                0x0000409c                        _haptics_driver_api_list_start = .
 *(SORT_BY_NAME(SORT_BY_ALIGNMENT(._haptics_driver_api.static.*)))
                0x0000409c                        _haptics_driver_api_list_end = .

hwspinlock_driver_api_area
                0x0000409c        0x0
                0x0000409c                        _hwspinlock_driver_api_list_start = .
 *(SORT_BY_NAME(SORT_BY_ALIGNMENT(._hwspinlock_driver_api.static.*)))
                0x0000409c                        _hwspinlock_driver_api_list_end = .

i2c_driver_api_area
                0x0000409c        0x0
                0x0000409c                        _i2c_driver_api_list_start = .
 *(SORT_BY_NAME(SORT_BY_ALIGNMENT(._i2c_driver_api.static.*)))
                0x0000409c                        _i2c_driver_api_list_end = .

i2c_target_driver_api_area
                0x0000409c        0x0
                0x0000409c                        _i2c_target_driver_api_list_start = .
 *(SORT_BY_NAME(SORT_BY_ALIGNMENT(._i2c_target_driver_api.static.*)))
                0x0000409c                        _i2c_target_driver_api_list_end = .

i2s_driver_api_area
                0x0000409c        0x0
                0x0000409c                        _i2s_driver_api_list_start = .
 *(SORT_BY_NAME(SORT_BY_ALIGNMENT(._i2s_driver_api.static.*)))
                0x0000409c                        _i2s_driver_api_list_end = .

i3c_driver_api_area
                0x0000409c        0x0
                0x0000409c                        _i3c_driver_api_list_start = .
 *(SORT_BY_NAME(SORT_BY_ALIGNMENT(._i3c_driver_api.static.*)))
                0x0000409c                        _i3c_driver_api_list_end = .

ipm_driver_api_area
                0x0000409c        0x0
                0x0000409c                        _ipm_driver_api_list_start = .
 *(SORT_BY_NAME(SORT_BY_ALIGNMENT(._ipm_driver_api.static.*)))
                0x0000409c                        _ipm_driver_api_list_end = .

led_driver_api_area
                0x0000409c        0x0
                0x0000409c                        _led_driver_api_list_start = .
 *(SORT_BY_NAME(SORT_BY_ALIGNMENT(._led_driver_api.static.*)))
                0x0000409c                        _led_driver_api_list_end = .

led_strip_driver_api_area
                0x0000409c        0x0
                0x0000409c                        _led_strip_driver_api_list_start = .
 *(SORT_BY_NAME(SORT_BY_ALIGNMENT(._led_strip_driver_api.static.*)))
                0x0000409c                        _led_strip_driver_api_list_end = .

lora_driver_api_area
                0x0000409c        0x0
                0x0000409c                        _lora_driver_api_list_start = .
 *(SORT_BY_NAME(SORT_BY_ALIGNMENT(._lora_driver_api.static.*)))
                0x0000409c                        _lora_driver_api_list_end = .

mbox_driver_api_area
                0x0000409c        0x0
                0x0000409c                        _mbox_driver_api_list_start = .
 *(SORT_BY_NAME(SORT_BY_ALIGNMENT(._mbox_driver_api.static.*)))
                0x0000409c                        _mbox_driver_api_list_end = .

mdio_driver_api_area
                0x0000409c        0x0
                0x0000409c                        _mdio_driver_api_list_start = .
 *(SORT_BY_NAME(SORT_BY_ALIGNMENT(._mdio_driver_api.static.*)))
                0x0000409c                        _mdio_driver_api_list_end = .

mipi_dbi_driver_api_area
                0x0000409c        0x0
                0x0000409c                        _mipi_dbi_driver_api_list_start = .
 *(SORT_BY_NAME(SORT_BY_ALIGNMENT(._mipi_dbi_driver_api.static.*)))
                0x0000409c                        _mipi_dbi_driver_api_list_end = .

mipi_dsi_driver_api_area
                0x0000409c        0x0
                0x0000409c                        _mipi_dsi_driver_api_list_start = .
 *(SORT_BY_NAME(SORT_BY_ALIGNMENT(._mipi_dsi_driver_api.static.*)))
                0x0000409c                        _mipi_dsi_driver_api_list_end = .

mspi_driver_api_area
                0x0000409c        0x0
                0x0000409c                        _mspi_driver_api_list_start = .
 *(SORT_BY_NAME(SORT_BY_ALIGNMENT(._mspi_driver_api.static.*)))
                0x0000409c                        _mspi_driver_api_list_end = .

peci_driver_api_area
                0x0000409c        0x0
                0x0000409c                        _peci_driver_api_list_start = .
 *(SORT_BY_NAME(SORT_BY_ALIGNMENT(._peci_driver_api.static.*)))
                0x0000409c                        _peci_driver_api_list_end = .

ps2_driver_api_area
                0x0000409c        0x0
                0x0000409c                        _ps2_driver_api_list_start = .
 *(SORT_BY_NAME(SORT_BY_ALIGNMENT(._ps2_driver_api.static.*)))
                0x0000409c                        _ps2_driver_api_list_end = .

ptp_clock_driver_api_area
                0x0000409c        0x0
                0x0000409c                        _ptp_clock_driver_api_list_start = .
 *(SORT_BY_NAME(SORT_BY_ALIGNMENT(._ptp_clock_driver_api.static.*)))
                0x0000409c                        _ptp_clock_driver_api_list_end = .

pwm_driver_api_area
                0x0000409c        0x0
                0x0000409c                        _pwm_driver_api_list_start = .
 *(SORT_BY_NAME(SORT_BY_ALIGNMENT(._pwm_driver_api.static.*)))
                0x0000409c                        _pwm_driver_api_list_end = .

regulator_parent_driver_api_area
                0x0000409c        0x0
                0x0000409c                        _regulator_parent_driver_api_list_start = .
 *(SORT_BY_NAME(SORT_BY_ALIGNMENT(._regulator_parent_driver_api.static.*)))
                0x0000409c                        _regulator_parent_driver_api_list_end = .

regulator_driver_api_area
                0x0000409c        0x0
                0x0000409c                        _regulator_driver_api_list_start = .
 *(SORT_BY_NAME(SORT_BY_ALIGNMENT(._regulator_driver_api.static.*)))
                0x0000409c                        _regulator_driver_api_list_end = .

reset_driver_api_area
                0x0000409c        0x0
                0x0000409c                        _reset_driver_api_list_start = .
 *(SORT_BY_NAME(SORT_BY_ALIGNMENT(._reset_driver_api.static.*)))
                0x0000409c                        _reset_driver_api_list_end = .

retained_mem_driver_api_area
                0x0000409c        0x0
                0x0000409c                        _retained_mem_driver_api_list_start = .
 *(SORT_BY_NAME(SORT_BY_ALIGNMENT(._retained_mem_driver_api.static.*)))
                0x0000409c                        _retained_mem_driver_api_list_end = .

rtc_driver_api_area
                0x0000409c        0x0
                0x0000409c                        _rtc_driver_api_list_start = .
 *(SORT_BY_NAME(SORT_BY_ALIGNMENT(._rtc_driver_api.static.*)))
                0x0000409c                        _rtc_driver_api_list_end = .

sdhc_driver_api_area
                0x0000409c        0x0
                0x0000409c                        _sdhc_driver_api_list_start = .
 *(SORT_BY_NAME(SORT_BY_ALIGNMENT(._sdhc_driver_api.static.*)))
                0x0000409c                        _sdhc_driver_api_list_end = .

sensor_driver_api_area
                0x0000409c        0x0
                0x0000409c                        _sensor_driver_api_list_start = .
 *(SORT_BY_NAME(SORT_BY_ALIGNMENT(._sensor_driver_api.static.*)))
                0x0000409c                        _sensor_driver_api_list_end = .

smbus_driver_api_area
                0x0000409c        0x0
                0x0000409c                        _smbus_driver_api_list_start = .
 *(SORT_BY_NAME(SORT_BY_ALIGNMENT(._smbus_driver_api.static.*)))
                0x0000409c                        _smbus_driver_api_list_end = .

spi_driver_api_area
                0x0000409c        0x0
                0x0000409c                        _spi_driver_api_list_start = .
 *(SORT_BY_NAME(SORT_BY_ALIGNMENT(._spi_driver_api.static.*)))
                0x0000409c                        _spi_driver_api_list_end = .

stepper_driver_api_area
                0x0000409c        0x0
                0x0000409c                        _stepper_driver_api_list_start = .
 *(SORT_BY_NAME(SORT_BY_ALIGNMENT(._stepper_driver_api.static.*)))
                0x0000409c                        _stepper_driver_api_list_end = .

syscon_driver_api_area
                0x0000409c        0x0
                0x0000409c                        _syscon_driver_api_list_start = .
 *(SORT_BY_NAME(SORT_BY_ALIGNMENT(._syscon_driver_api.static.*)))
                0x0000409c                        _syscon_driver_api_list_end = .

tee_driver_api_area
                0x0000409c        0x0
                0x0000409c                        _tee_driver_api_list_start = .
 *(SORT_BY_NAME(SORT_BY_ALIGNMENT(._tee_driver_api.static.*)))
                0x0000409c                        _tee_driver_api_list_end = .

video_driver_api_area
                0x0000409c        0x0
                0x0000409c                        _video_driver_api_list_start = .
 *(SORT_BY_NAME(SORT_BY_ALIGNMENT(._video_driver_api.static.*)))
                0x0000409c                        _video_driver_api_list_end = .

w1_driver_api_area
                0x0000409c        0x0
                0x0000409c                        _w1_driver_api_list_start = .
 *(SORT_BY_NAME(SORT_BY_ALIGNMENT(._w1_driver_api.static.*)))
                0x0000409c                        _w1_driver_api_list_end = .

wdt_driver_api_area
                0x0000409c        0x0
                0x0000409c                        _wdt_driver_api_list_start = .
 *(SORT_BY_NAME(SORT_BY_ALIGNMENT(._wdt_driver_api.static.*)))
                0x0000409c                        _wdt_driver_api_list_end = .

can_transceiver_driver_api_area
                0x0000409c        0x0
                0x0000409c                        _can_transceiver_driver_api_list_start = .
 *(SORT_BY_NAME(SORT_BY_ALIGNMENT(._can_transceiver_driver_api.static.*)))
                0x0000409c                        _can_transceiver_driver_api_list_end = .

nrf_clock_control_driver_api_area
                0x0000409c        0x0
                0x0000409c                        _nrf_clock_control_driver_api_list_start = .
 *(SORT_BY_NAME(SORT_BY_ALIGNMENT(._nrf_clock_control_driver_api.static.*)))
                0x0000409c                        _nrf_clock_control_driver_api_list_end = .

i3c_target_driver_api_area
                0x0000409c        0x0
                0x0000409c                        _i3c_target_driver_api_list_start = .
 *(SORT_BY_NAME(SORT_BY_ALIGNMENT(._i3c_target_driver_api.static.*)))
                0x0000409c                        _i3c_target_driver_api_list_end = .

its_driver_api_area
                0x0000409c        0x0
                0x0000409c                        _its_driver_api_list_start = .
 *(SORT_BY_NAME(SORT_BY_ALIGNMENT(._its_driver_api.static.*)))
                0x0000409c                        _its_driver_api_list_end = .

vtd_driver_api_area
                0x0000409c        0x0
                0x0000409c                        _vtd_driver_api_list_start = .
 *(SORT_BY_NAME(SORT_BY_ALIGNMENT(._vtd_driver_api.static.*)))
                0x0000409c                        _vtd_driver_api_list_end = .

tgpio_driver_api_area
                0x0000409c        0x0
                0x0000409c                        _tgpio_driver_api_list_start = .
 *(SORT_BY_NAME(SORT_BY_ALIGNMENT(._tgpio_driver_api.static.*)))
                0x0000409c                        _tgpio_driver_api_list_end = .

pcie_ctrl_driver_api_area
                0x0000409c        0x0
                0x0000409c                        _pcie_ctrl_driver_api_list_start = .
 *(SORT_BY_NAME(SORT_BY_ALIGNMENT(._pcie_ctrl_driver_api.static.*)))
                0x0000409c                        _pcie_ctrl_driver_api_list_end = .

pcie_ep_driver_api_area
                0x0000409c        0x0
                0x0000409c                        _pcie_ep_driver_api_list_start = .
 *(SORT_BY_NAME(SORT_BY_ALIGNMENT(._pcie_ep_driver_api.static.*)))
                0x0000409c                        _pcie_ep_driver_api_list_end = .

svc_driver_api_area
                0x0000409c        0x0
                0x0000409c                        _svc_driver_api_list_start = .
 *(SORT_BY_NAME(SORT_BY_ALIGNMENT(._svc_driver_api.static.*)))
                0x0000409c                        _svc_driver_api_list_end = .

uart_driver_api_area
                0x0000409c       0x4c
                0x0000409c                        _uart_driver_api_list_start = .
 *(SORT_BY_NAME(SORT_BY_ALIGNMENT(._uart_driver_api.static.*)))
 ._uart_driver_api.static.uart_ns16550_driver_api_
                0x0000409c       0x4c drivers/serial/libdrivers__serial.a(uart_ns16550.c.obj)
                0x000040e8                        _uart_driver_api_list_end = .

bc12_emul_driver_api_area
                0x000040e8        0x0
                0x000040e8                        _bc12_emul_driver_api_list_start = .
 *(SORT_BY_NAME(SORT_BY_ALIGNMENT(._bc12_emul_driver_api.static.*)))
                0x000040e8                        _bc12_emul_driver_api_list_end = .

bc12_driver_api_area
                0x000040e8        0x0
                0x000040e8                        _bc12_driver_api_list_start = .
 *(SORT_BY_NAME(SORT_BY_ALIGNMENT(._bc12_driver_api.static.*)))
                0x000040e8                        _bc12_driver_api_list_end = .

usbc_ppc_driver_api_area
                0x000040e8        0x0
                0x000040e8                        _usbc_ppc_driver_api_list_start = .
 *(SORT_BY_NAME(SORT_BY_ALIGNMENT(._usbc_ppc_driver_api.static.*)))
                0x000040e8                        _usbc_ppc_driver_api_list_end = .

tcpc_driver_api_area
                0x000040e8        0x0
                0x000040e8                        _tcpc_driver_api_list_start = .
 *(SORT_BY_NAME(SORT_BY_ALIGNMENT(._tcpc_driver_api.static.*)))
                0x000040e8                        _tcpc_driver_api_list_end = .

usbc_vbus_driver_api_area
                0x000040e8        0x0
                0x000040e8                        _usbc_vbus_driver_api_list_start = .
 *(SORT_BY_NAME(SORT_BY_ALIGNMENT(._usbc_vbus_driver_api.static.*)))
                0x000040e8                        _usbc_vbus_driver_api_list_end = .

ivshmem_driver_api_area
                0x000040e8        0x0
                0x000040e8                        _ivshmem_driver_api_list_start = .
 *(SORT_BY_NAME(SORT_BY_ALIGNMENT(._ivshmem_driver_api.static.*)))
                0x000040e8                        _ivshmem_driver_api_list_end = .

ethphy_driver_api_area
                0x000040e8        0x0
                0x000040e8                        _ethphy_driver_api_list_start = .
 *(SORT_BY_NAME(SORT_BY_ALIGNMENT(._ethphy_driver_api.static.*)))
                0x000040e8                        _ethphy_driver_api_list_end = .

ztest           0x000040e8        0x0
                0x000040e8                        _ztest_expected_result_entry_list_start = .
 *(SORT_BY_NAME(SORT_BY_ALIGNMENT(._ztest_expected_result_entry.static.*)))
                0x000040e8                        _ztest_expected_result_entry_list_end = .
                0x000040e8                        _ztest_suite_node_list_start = .
 *(SORT_BY_NAME(SORT_BY_ALIGNMENT(._ztest_suite_node.static.*)))
                0x000040e8                        _ztest_suite_node_list_end = .
                0x000040e8                        _ztest_unit_test_list_start = .
 *(SORT_BY_NAME(SORT_BY_ALIGNMENT(._ztest_unit_test.static.*)))
                0x000040e8                        _ztest_unit_test_list_end = .
                0x000040e8                        _ztest_test_rule_list_start = .
 *(SORT_BY_NAME(SORT_BY_ALIGNMENT(._ztest_test_rule.static.*)))
                0x000040e8                        _ztest_test_rule_list_end = .

init_array
 *(SORT_BY_NAME(SORT_BY_ALIGNMENT(.ctors*)))
 *(SORT_BY_NAME(SORT_BY_ALIGNMENT(.init_array*)))
                0x00000001                        ASSERT ((SIZEOF (init_array) == 0x0), GNU-style constructors required but STATIC_INIT_GNU not enabled)

bt_l2cap_fixed_chan_area
                0x000040e8        0x0
                0x000040e8                        _bt_l2cap_fixed_chan_list_start = .
 *(SORT_BY_NAME(SORT_BY_ALIGNMENT(._bt_l2cap_fixed_chan.static.*)))
                0x000040e8                        _bt_l2cap_fixed_chan_list_end = .

bt_gatt_service_static_area
                0x000040e8        0x0
                0x000040e8                        _bt_gatt_service_static_list_start = .
 *(SORT_BY_NAME(SORT_BY_ALIGNMENT(._bt_gatt_service_static.static.*)))
                0x000040e8                        _bt_gatt_service_static_list_end = .

log_strings_area
                0x000040e8        0x0
                0x000040e8                        _log_strings_list_start = .
 *(SORT_BY_NAME(SORT_BY_ALIGNMENT(._log_strings.static.*)))
                0x000040e8                        _log_strings_list_end = .

log_stmesp_ptr_area
                0x000040e8        0x0
                0x000040e8                        _log_stmesp_ptr_list_start = .
 *(SORT_BY_NAME(SORT_BY_ALIGNMENT(._log_stmesp_ptr.static.*)))
                0x000040e8                        _log_stmesp_ptr_list_end = .

log_stmesp_str_area
                0x000040e8        0x0
                0x000040e8                        _log_stmesp_str_list_start = .
 *(SORT_BY_NAME(SORT_BY_ALIGNMENT(._log_stmesp_str.static.*)))
                0x000040e8                        _log_stmesp_str_list_end = .

log_const_area  0x000040e8        0x0
                0x000040e8                        _log_const_list_start = .
 *(SORT_BY_NAME(SORT_BY_ALIGNMENT(._log_const.static.*)))
                0x000040e8                        _log_const_list_end = .

log_backend_area
                0x000040e8        0x0
                0x000040e8                        _log_backend_list_start = .
 *(SORT_BY_NAME(SORT_BY_ALIGNMENT(._log_backend.static.*)))
                0x000040e8                        _log_backend_list_end = .

log_link_area   0x000040e8        0x0
                0x000040e8                        _log_link_list_start = .
 *(SORT_BY_NAME(SORT_BY_ALIGNMENT(._log_link.static.*)))
                0x000040e8                        _log_link_list_end = .

tracing_backend_area
                0x000040e8        0x0
                0x000040e8                        _tracing_backend_list_start = .
 *(SORT_BY_NAME(SORT_BY_ALIGNMENT(._tracing_backend.static.*)))
                0x000040e8                        _tracing_backend_list_end = .

zephyr_dbg_info
 *(SORT_BY_ALIGNMENT(.dbg_thread_info))

intc_table_area
                0x000040e8        0x0
                0x000040e8                        _intc_table_list_start = .
 *(SORT_BY_NAME(SORT_BY_ALIGNMENT(._intc_table.static.*)))
                0x000040e8                        _intc_table_list_end = .

symbol_to_keep  0x000040e8        0x0
                0x000040e8                        __symbol_to_keep_start = .
 *(SORT_BY_NAME(SORT_BY_ALIGNMENT(.symbol_to_keep*)))
                0x000040e8                        __symbol_to_keep_end = .

shell_area      0x000040e8        0x0
                0x000040e8                        _shell_list_start = .
 *(SORT_BY_NAME(SORT_BY_ALIGNMENT(._shell.static.*)))
                0x000040e8                        _shell_list_end = .

shell_root_cmds_area
                0x000040e8        0x0
                0x000040e8                        _shell_root_cmds_list_start = .
 *(SORT_BY_NAME(SORT_BY_ALIGNMENT(._shell_root_cmds.static.*)))
                0x000040e8                        _shell_root_cmds_list_end = .

shell_subcmds_area
                0x000040e8        0x0
                0x000040e8                        _shell_subcmds_list_start = .
 *(SORT_BY_NAME(SORT_BY_ALIGNMENT(._shell_subcmds.static.*)))
                0x000040e8                        _shell_subcmds_list_end = .

shell_dynamic_subcmds_area
                0x000040e8        0x0
                0x000040e8                        _shell_dynamic_subcmds_list_start = .
 *(SORT_BY_NAME(SORT_BY_ALIGNMENT(._shell_dynamic_subcmds.static.*)))
                0x000040e8                        _shell_dynamic_subcmds_list_end = .

cfb_font_area   0x000040e8        0x0
                0x000040e8                        _cfb_font_list_start = .
 *(SORT_BY_NAME(SORT_BY_ALIGNMENT(._cfb_font.static.*)))
                0x000040e8                        _cfb_font_list_end = .

rodata          0x000040e8      0x194
 *(SORT_BY_ALIGNMENT(.rodata))
 *(SORT_BY_ALIGNMENT(.rodata.*))
 .rodata.gpio_davinci_0_config
                0x000040e8       0x14 drivers/gpio/libdrivers__gpio.a(gpio_davinci.c.obj)
 .rodata.__pinctrl_dev_config__device_dts_ord_28
                0x000040fc        0x8 drivers/gpio/libdrivers__gpio.a(gpio_davinci.c.obj)
 .rodata.__pinctrl_states__device_dts_ord_28
                0x00004104        0x8 drivers/gpio/libdrivers__gpio.a(gpio_davinci.c.obj)
 .rodata.__pinctrl_state_pins_0__device_dts_ord_28
                0x0000410c        0x8 drivers/gpio/libdrivers__gpio.a(gpio_davinci.c.obj)
 .rodata.uart_ns16550_dev_cfg_0
                0x00004114       0x1c drivers/serial/libdrivers__serial.a(uart_ns16550.c.obj)
 .rodata.__pinctrl_dev_config__device_dts_ord_17
                0x00004130        0x8 drivers/serial/libdrivers__serial.a(uart_ns16550.c.obj)
 .rodata.__pinctrl_states__device_dts_ord_17
                0x00004138        0x8 drivers/serial/libdrivers__serial.a(uart_ns16550.c.obj)
 .rodata.__pinctrl_state_pins_0__device_dts_ord_17
                0x00004140       0x10 drivers/serial/libdrivers__serial.a(uart_ns16550.c.obj)
 .rodata.ti_dm_timer_config_0
                0x00004150        0x4 drivers/timer/libdrivers__timer.a(ti_dmtimer.c.obj)
 .rodata.levels.0
                0x00004154       0x18 kernel/libkernel.a(init.c.obj)
 .rodata.main.str1.1
                0x0000416c      0x110 ../app/libapp.a(neopixel_driver.c.obj)
                                 0x8e (size before relaxing)
 .rodata.z_cbvprintf_impl.str1.1
                0x0000427c        0x6 libzephyr.a(cbprintf_complete.c.obj)
 .rodata._exit.str1.1
                0x0000427c        0x6 lib/libc/minimal/liblib__libc__minimal.a(exit.c.obj)
 .rodata.str1.1
                0x0000427c        0xd drivers/gpio/libdrivers__gpio.a(gpio_davinci.c.obj)
 .rodata.str1.1
                0x0000427c        0xe drivers/pinctrl/libdrivers__pinctrl.a(pinctrl_ti_k3.c.obj)
 .rodata.str1.1
                0x0000427c        0xd drivers/serial/libdrivers__serial.a(uart_ns16550.c.obj)
 .rodata.str1.1
                0x0000427c        0xe drivers/timer/libdrivers__timer.a(ti_dmtimer.c.obj)
 .rodata.z_cstart.str1.1
                0x0000427c        0x5 kernel/libkernel.a(init.c.obj)
 .rodata.boot_banner.str1.1
                0x0000427c       0x3b kernel/libkernel.a(banner.c.obj)
 *(SORT_BY_ALIGNMENT(.gnu.linkonce.r.*))
                0x000042b8                        . = ALIGN (0x4)
                0x000042b8                        . = ALIGN (_region_min_align)
                0x0000427c                        __rodata_region_end = .
                0x0000427c                        __rom_region_end = .
                0x000042b8                        . = ALIGN (_region_min_align)
                0x0000001c                        _image_rom_end_order = ((LOG2CEIL (__rom_region_end) - 0x1) << 0x1)

.got            0x0000427c        0x0
 *(SORT_BY_ALIGNMENT(.got.plt))
 *(SORT_BY_ALIGNMENT(.igot.plt))
 .igot.plt      0x0000427c        0x0 CMakeFiles/zephyr_final.dir/isr_tables.c.obj
 *(SORT_BY_ALIGNMENT(.got))
 *(SORT_BY_ALIGNMENT(.igot))
                0x0000427c                        . = ALIGN (_region_min_align)
                0x0000427c                        _image_ram_start = .

bss             0x00004280      0x296
                0x00004280                        . = ALIGN (0x4)
                0x00004280                        __bss_start = .
                0x00004280                        __kernel_ram_start = .
 *(SORT_BY_ALIGNMENT(.bss))
 *(SORT_BY_ALIGNMENT(.bss.*))
 .bss.z_idle_threads
                0x00004280       0xb8 kernel/libkernel.a(init.c.obj)
                0x00004280                z_idle_threads
 .bss.z_main_thread
                0x00004338       0xb8 kernel/libkernel.a(init.c.obj)
                0x00004338                z_main_thread
 .bss._thread_dummy
                0x000043f0       0xb8 kernel/libkernel.a(sched.c.obj)
                0x000043f0                _thread_dummy
 .bss.slice_timeouts
                0x000044a8       0x18 kernel/libkernel.a(timeslicing.c.obj)
 .bss.curr_tick
                0x000044c0        0x8 kernel/libkernel.a(timeout.c.obj)
 .bss.junk_delay
                0x000044c8        0x4 ../app/libapp.a(neopixel_driver.c.obj)
                0x000044c8                junk_delay
 .bss.gpio_davinci_0_data
                0x000044cc        0xc drivers/gpio/libdrivers__gpio.a(gpio_davinci.c.obj)
 .bss.ti_dm_timer_data_0
                0x000044d8        0x4 drivers/timer/libdrivers__timer.a(ti_dmtimer.c.obj)
 .bss.systick_timer_dev
                0x000044dc        0x4 drivers/timer/libdrivers__timer.a(ti_dmtimer.c.obj)
 .bss._kernel   0x000044e0       0x28 kernel/libkernel.a(init.c.obj)
                0x000044e0                _kernel
 .bss.slice_max_prio
                0x00004508        0x4 kernel/libkernel.a(timeslicing.c.obj)
 .bss.slice_ticks
                0x0000450c        0x4 kernel/libkernel.a(timeslicing.c.obj)
 .bss.announce_remaining
                0x00004510        0x4 kernel/libkernel.a(timeout.c.obj)
 .bss.pinctrl_ti_k3_dev
                0x00004514        0x0 drivers/pinctrl/libdrivers__pinctrl.a(pinctrl_ti_k3.c.obj)
 .bss.z_sys_post_kernel
                0x00004514        0x1 kernel/libkernel.a(init.c.obj)
                0x00004514                z_sys_post_kernel
 .bss._sched_spinlock
                0x00004515        0x0 kernel/libkernel.a(sched.c.obj)
                0x00004515                _sched_spinlock
 .bss.slice_expired
                0x00004515        0x1 kernel/libkernel.a(timeslicing.c.obj)
 *(SORT_BY_ALIGNMENT(COMMON))
 *(SORT_BY_ALIGNMENT(.kernel_bss.*))
                0x00004518                        __bss_end = ALIGN (0x4)

noinit          0x00004518     0x1640
 *(SORT_BY_ALIGNMENT(.noinit))
 *(SORT_BY_ALIGNMENT(.noinit.*))
 .noinit."WEST_TOPDIR/zephyr/arch/arm/core/cortex_a_r/stacks.c".4
                0x00004518      0x400 arch/arch/arm/core/cortex_a_r/libarch__arm__core__cortex_a_r.a(stacks.c.obj)
                0x00004518                z_arm_sys_stack
 .noinit."WEST_TOPDIR/zephyr/arch/arm/core/cortex_a_r/stacks.c".3
                0x00004918      0x200 arch/arch/arm/core/cortex_a_r/libarch__arm__core__cortex_a_r.a(stacks.c.obj)
                0x00004918                z_arm_svc_stack
 .noinit."WEST_TOPDIR/zephyr/arch/arm/core/cortex_a_r/stacks.c".2
                0x00004b18      0x100 arch/arch/arm/core/cortex_a_r/libarch__arm__core__cortex_a_r.a(stacks.c.obj)
                0x00004b18                z_arm_undef_stack
 .noinit."WEST_TOPDIR/zephyr/arch/arm/core/cortex_a_r/stacks.c".1
                0x00004c18      0x100 arch/arch/arm/core/cortex_a_r/libarch__arm__core__cortex_a_r.a(stacks.c.obj)
                0x00004c18                z_arm_abort_stack
 .noinit."WEST_TOPDIR/zephyr/arch/arm/core/cortex_a_r/stacks.c".0
                0x00004d18      0x100 arch/arch/arm/core/cortex_a_r/libarch__arm__core__cortex_a_r.a(stacks.c.obj)
                0x00004d18                z_arm_fiq_stack
 .noinit."WEST_TOPDIR/zephyr/kernel/init.c".2
                0x00004e18      0x800 kernel/libkernel.a(init.c.obj)
                0x00004e18                z_interrupt_stacks
 .noinit."WEST_TOPDIR/zephyr/kernel/init.c".1
                0x00005618      0x140 kernel/libkernel.a(init.c.obj)
 .noinit."WEST_TOPDIR/zephyr/kernel/init.c".0
                0x00005758      0x400 kernel/libkernel.a(init.c.obj)
                0x00005758                z_main_stack

datas           0x00005b58       0x58
                0x00005b58                        __data_region_start = .
                0x00005b58                        __data_start = .
 *(SORT_BY_ALIGNMENT(.data))
 *(SORT_BY_ALIGNMENT(.data.*))
 .data._char_out
                0x00005b58        0x4 libzephyr.a(printk.c.obj)
 .data.handler  0x00005b5c        0x4 arch/arch/arm/core/libarch__arm__core.a(nmi.c.obj)
 .data.arm_cpu_boot_params
                0x00005b60       0x2c arch/arch/arm/core/cortex_a_r/libarch__arm__core__cortex_a_r.a(smp.c.obj)
                0x00005b60                arm_cpu_boot_params
 .data._stdout_hook
                0x00005b8c        0x4 lib/libc/minimal/liblib__libc__minimal.a(stdout_console.c.obj)
 .data.pinctrl_ti_k3_cfg
                0x00005b90        0x4 drivers/pinctrl/libdrivers__pinctrl.a(pinctrl_ti_k3.c.obj)
 .data.uart_ns16550_dev_data_0
                0x00005b94       0x14 drivers/serial/libdrivers__serial.a(uart_ns16550.c.obj)
 .data.timeout_list
                0x00005ba8        0x8 kernel/libkernel.a(timeout.c.obj)
 *(SORT_BY_ALIGNMENT(.kernel.*))
                0x00005bb0                        __data_end = .
                0x00000058                        __data_size = (__data_end - __data_start)
                0x00005b58                        __data_load_start = LOADADDR (datas)
                0x00005b58                        __data_region_load_start = LOADADDR (datas)

device_states   0x00005bb0        0x8
                0x00005bb0                        __device_states_start = .
 *(SORT_BY_ALIGNMENT(.z_devstate))
 .z_devstate    0x00005bb0        0x2 drivers/gpio/libdrivers__gpio.a(gpio_davinci.c.obj)
 .z_devstate    0x00005bb2        0x2 drivers/pinctrl/libdrivers__pinctrl.a(pinctrl_ti_k3.c.obj)
 .z_devstate    0x00005bb4        0x2 drivers/serial/libdrivers__serial.a(uart_ns16550.c.obj)
 .z_devstate    0x00005bb6        0x2 drivers/timer/libdrivers__timer.a(ti_dmtimer.c.obj)
 *(SORT_BY_ALIGNMENT(.z_devstate.*))
                0x00005bb8                        __device_states_end = .

log_mpsc_pbuf_area
                0x00005bb8        0x0
                0x00005bb8                        _log_mpsc_pbuf_list_start = .
 *(SORT_BY_NAME(SORT_BY_ALIGNMENT(._log_mpsc_pbuf.static.*)))
                0x00005bb8                        _log_mpsc_pbuf_list_end = .

log_msg_ptr_area
                0x00005bb8        0x0
                0x00005bb8                        _log_msg_ptr_list_start = .
 *(SORT_BY_NAME(SORT_BY_ALIGNMENT(._log_msg_ptr.static.*)))
                0x00005bb8                        _log_msg_ptr_list_end = .

log_dynamic_area
                0x00005bb8        0x0
                0x00005bb8                        _log_dynamic_list_start = .
 *(SORT_BY_NAME(SORT_BY_ALIGNMENT(._log_dynamic.static.*)))
                0x00005bb8                        _log_dynamic_list_end = .

k_timer_area    0x00005bb8        0x0
                0x00005bb8                        _k_timer_list_start = .
 *(SORT_BY_NAME(SORT_BY_ALIGNMENT(._k_timer.static.*)))
                0x00005bb8                        _k_timer_list_end = .

k_mem_slab_area
                0x00005bb8        0x0
                0x00005bb8                        _k_mem_slab_list_start = .
 *(SORT_BY_NAME(SORT_BY_ALIGNMENT(._k_mem_slab.static.*)))
                0x00005bb8                        _k_mem_slab_list_end = .

k_heap_area     0x00005bb8        0x0
                0x00005bb8                        _k_heap_list_start = .
 *(SORT_BY_NAME(SORT_BY_ALIGNMENT(._k_heap.static.*)))
                0x00005bb8                        _k_heap_list_end = .

k_mutex_area    0x00005bb8        0x0
                0x00005bb8                        _k_mutex_list_start = .
 *(SORT_BY_NAME(SORT_BY_ALIGNMENT(._k_mutex.static.*)))
                0x00005bb8                        _k_mutex_list_end = .

k_stack_area    0x00005bb8        0x0
                0x00005bb8                        _k_stack_list_start = .
 *(SORT_BY_NAME(SORT_BY_ALIGNMENT(._k_stack.static.*)))
                0x00005bb8                        _k_stack_list_end = .

k_msgq_area     0x00005bb8        0x0
                0x00005bb8                        _k_msgq_list_start = .
 *(SORT_BY_NAME(SORT_BY_ALIGNMENT(._k_msgq.static.*)))
                0x00005bb8                        _k_msgq_list_end = .

k_mbox_area     0x00005bb8        0x0
                0x00005bb8                        _k_mbox_list_start = .
 *(SORT_BY_NAME(SORT_BY_ALIGNMENT(._k_mbox.static.*)))
                0x00005bb8                        _k_mbox_list_end = .

k_pipe_area     0x00005bb8        0x0
                0x00005bb8                        _k_pipe_list_start = .
 *(SORT_BY_NAME(SORT_BY_ALIGNMENT(._k_pipe.static.*)))
                0x00005bb8                        _k_pipe_list_end = .

k_sem_area      0x00005bb8        0x0
                0x00005bb8                        _k_sem_list_start = .
 *(SORT_BY_NAME(SORT_BY_ALIGNMENT(._k_sem.static.*)))
                0x00005bb8                        _k_sem_list_end = .

k_event_area    0x00005bb8        0x0
                0x00005bb8                        _k_event_list_start = .
 *(SORT_BY_NAME(SORT_BY_ALIGNMENT(._k_event.static.*)))
                0x00005bb8                        _k_event_list_end = .

k_queue_area    0x00005bb8        0x0
                0x00005bb8                        _k_queue_list_start = .
 *(SORT_BY_NAME(SORT_BY_ALIGNMENT(._k_queue.static.*)))
                0x00005bb8                        _k_queue_list_end = .

k_fifo_area     0x00005bb8        0x0
                0x00005bb8                        _k_fifo_list_start = .
 *(SORT_BY_NAME(SORT_BY_ALIGNMENT(._k_fifo.static.*)))
                0x00005bb8                        _k_fifo_list_end = .

k_lifo_area     0x00005bb8        0x0
                0x00005bb8                        _k_lifo_list_start = .
 *(SORT_BY_NAME(SORT_BY_ALIGNMENT(._k_lifo.static.*)))
                0x00005bb8                        _k_lifo_list_end = .

k_condvar_area  0x00005bb8        0x0
                0x00005bb8                        _k_condvar_list_start = .
 *(SORT_BY_NAME(SORT_BY_ALIGNMENT(._k_condvar.static.*)))
                0x00005bb8                        _k_condvar_list_end = .

sys_mem_blocks_ptr_area
                0x00005bb8        0x0
                0x00005bb8                        _sys_mem_blocks_ptr_list_start = .
 *(SORT_BY_NAME(SORT_BY_ALIGNMENT(._sys_mem_blocks_ptr.static.*)))
                0x00005bb8                        _sys_mem_blocks_ptr_list_end = .

net_buf_pool_area
                0x00005bb8        0x0
                0x00005bb8                        _net_buf_pool_list_start = .
 *(SORT_BY_NAME(SORT_BY_ALIGNMENT(._net_buf_pool.static.*)))
                0x00005bb8                        _net_buf_pool_list_end = .
                0x00005bb8                        __data_region_end = .
                0x00008000                        __kernel_ram_end = 0x8000
                0x00003d80                        __kernel_ram_size = (__kernel_ram_end - __kernel_ram_start)

/DISCARD/
 *(SORT_BY_ALIGNMENT(.irq_info*))
 *(SORT_BY_ALIGNMENT(.intList*))

.last_ram_section
                0x00005bb8        0x0
                0x00005bb8                        . = ALIGN (_region_min_align)
                0x00005bb8                        _image_ram_end = .
                0x0000193c                        _image_ram_size = (_image_ram_end - _image_ram_start)
                0x00005bb8                        _end = .
                0x00005bb8                        z_mapped_end = .

.stab
 *(SORT_BY_ALIGNMENT(.stab))

.stabstr
 *(SORT_BY_ALIGNMENT(.stabstr))

.stab.excl
 *(SORT_BY_ALIGNMENT(.stab.excl))

.stab.exclstr
 *(SORT_BY_ALIGNMENT(.stab.exclstr))

.stab.index
 *(SORT_BY_ALIGNMENT(.stab.index))

.stab.indexstr
 *(SORT_BY_ALIGNMENT(.stab.indexstr))

.gnu.build.attributes
 *(SORT_BY_ALIGNMENT(.gnu.build.attributes) SORT_BY_ALIGNMENT(.gnu.build.attributes.*))

.comment        0x00000000       0x26
 *(SORT_BY_ALIGNMENT(.comment))
 .comment       0x00000000       0x26 CMakeFiles/zephyr_final.dir/isr_tables.c.obj
                                 0x27 (size before relaxing)
 .comment       0x00000026       0x27 CMakeFiles/offsets.dir/arch/arm/core/offsets/offsets.c.obj
 .comment       0x00000026       0x27 ../app/libapp.a(neopixel_driver.c.obj)
 .comment       0x00000026       0x27 libzephyr.a(printk.c.obj)
 .comment       0x00000026       0x27 libzephyr.a(thread_entry.c.obj)
 .comment       0x00000026       0x27 libzephyr.a(cbprintf_complete.c.obj)
 .comment       0x00000026       0x27 libzephyr.a(resource_table.c.obj)
 .comment       0x00000026       0x27 libzephyr.a(configs.c.obj)
 .comment       0x00000026       0x27 libzephyr.a(ctrl_partitions.c.obj)
 .comment       0x00000026       0x27 libzephyr.a(soc.c.obj)
 .comment       0x00000026       0x27 arch/arch/arm/core/libarch__arm__core.a(fatal.c.obj)
 .comment       0x00000026       0x27 arch/arch/arm/core/libarch__arm__core.a(nmi.c.obj)
 .comment       0x00000026       0x27 arch/arch/arm/core/cortex_a_r/libarch__arm__core__cortex_a_r.a(fault.c.obj)
 .comment       0x00000026       0x27 arch/arch/arm/core/cortex_a_r/libarch__arm__core__cortex_a_r.a(irq_init.c.obj)
 .comment       0x00000026       0x27 arch/arch/arm/core/cortex_a_r/libarch__arm__core__cortex_a_r.a(reboot.c.obj)
 .comment       0x00000026       0x27 arch/arch/arm/core/cortex_a_r/libarch__arm__core__cortex_a_r.a(stacks.c.obj)
 .comment       0x00000026       0x27 arch/arch/arm/core/cortex_a_r/libarch__arm__core__cortex_a_r.a(irq_manage.c.obj)
 .comment       0x00000026       0x27 arch/arch/arm/core/cortex_a_r/libarch__arm__core__cortex_a_r.a(prep_c.c.obj)
 .comment       0x00000026       0x27 arch/arch/arm/core/cortex_a_r/libarch__arm__core__cortex_a_r.a(thread.c.obj)
 .comment       0x00000026       0x27 arch/arch/arm/core/cortex_a_r/libarch__arm__core__cortex_a_r.a(smp.c.obj)
 .comment       0x00000026       0x27 lib/libc/minimal/liblib__libc__minimal.a(exit.c.obj)
 .comment       0x00000026       0x27 lib/libc/minimal/liblib__libc__minimal.a(string.c.obj)
 .comment       0x00000026       0x27 lib/libc/minimal/liblib__libc__minimal.a(stdout_console.c.obj)
 .comment       0x00000026       0x27 lib/libc/minimal/liblib__libc__minimal.a(fprintf.c.obj)
 .comment       0x00000026       0x27 lib/libc/common/liblib__libc__common.a(strnlen.c.obj)
 .comment       0x00000026       0x27 drivers/interrupt_controller/libdrivers__interrupt_controller.a(intc_vim.c.obj)
 .comment       0x00000026       0x27 drivers/console/libdrivers__console.a(uart_console.c.obj)
 .comment       0x00000026       0x27 drivers/gpio/libdrivers__gpio.a(gpio_davinci.c.obj)
 .comment       0x00000026       0x27 drivers/pinctrl/libdrivers__pinctrl.a(common.c.obj)
 .comment       0x00000026       0x27 drivers/pinctrl/libdrivers__pinctrl.a(pinctrl_ti_k3.c.obj)
 .comment       0x00000026       0x27 drivers/serial/libdrivers__serial.a(uart_ns16550.c.obj)
 .comment       0x00000026       0x27 drivers/timer/libdrivers__timer.a(ti_dmtimer.c.obj)
 .comment       0x00000026       0x27 kernel/libkernel.a(busy_wait.c.obj)
 .comment       0x00000026       0x27 kernel/libkernel.a(device.c.obj)
 .comment       0x00000026       0x27 kernel/libkernel.a(fatal.c.obj)
 .comment       0x00000026       0x27 kernel/libkernel.a(init.c.obj)
 .comment       0x00000026       0x27 kernel/libkernel.a(init_static.c.obj)
 .comment       0x00000026       0x27 kernel/libkernel.a(idle.c.obj)
 .comment       0x00000026       0x27 kernel/libkernel.a(thread.c.obj)
 .comment       0x00000026       0x27 kernel/libkernel.a(sched.c.obj)
 .comment       0x00000026       0x27 kernel/libkernel.a(timeslicing.c.obj)
 .comment       0x00000026       0x27 kernel/libkernel.a(timeout.c.obj)
 .comment       0x00000026       0x27 kernel/libkernel.a(banner.c.obj)
 .comment       0x00000026       0x27 /usr/lib/gcc/arm-none-eabi/14.2.1/thumb/v7-r+fp.sp/hard/libgcc.a(_udivmoddi4.o)

.debug
 *(SORT_BY_ALIGNMENT(.debug))

.line
 *(SORT_BY_ALIGNMENT(.line))

.debug_srcinfo
 *(SORT_BY_ALIGNMENT(.debug_srcinfo))

.debug_sfnames
 *(SORT_BY_ALIGNMENT(.debug_sfnames))

.debug_aranges  0x00000000      0xce8
 *(SORT_BY_ALIGNMENT(.debug_aranges))
 .debug_aranges
                0x00000000       0x20 arch/arch/arm/core/libarch__arm__core.a(nmi_on_reset.S.obj)
 .debug_aranges
                0x00000020       0x20 arch/arch/arm/core/cortex_a_r/libarch__arm__core__cortex_a_r.a(exc.S.obj)
 .debug_aranges
                0x00000040       0x20 arch/arch/arm/core/cortex_a_r/libarch__arm__core__cortex_a_r.a(reset.S.obj)
 .debug_aranges
                0x00000060       0x20 arch/arch/arm/core/cortex_a_r/libarch__arm__core__cortex_a_r.a(vector_table.S.obj)
 .debug_aranges
                0x00000080       0x28 arch/arch/arm/core/cortex_a_r/libarch__arm__core__cortex_a_r.a(cpu_idle.S.obj)
 .debug_aranges
                0x000000a8       0x20 arch/arch/arm/core/cortex_a_r/libarch__arm__core__cortex_a_r.a(isr_wrapper.S.obj)
 .debug_aranges
                0x000000c8       0x30 arch/arch/arm/core/cortex_a_r/libarch__arm__core__cortex_a_r.a(swap_helper.S.obj)
 .debug_aranges
                0x000000f8       0x20 arch/arch/arm/core/cortex_a_r/libarch__arm__core__cortex_a_r.a(exc_exit.S.obj)
 .debug_aranges
                0x00000118       0x20 /usr/lib/gcc/arm-none-eabi/14.2.1/thumb/v7-r+fp.sp/hard/libgcc.a(_aeabi_uldivmod.o)
 .debug_aranges
                0x00000138       0x20 /usr/lib/gcc/arm-none-eabi/14.2.1/thumb/v7-r+fp.sp/hard/libgcc.a(_dvmd_tls.o)
 .debug_aranges
                0x00000158       0x18 CMakeFiles/zephyr_final.dir/isr_tables.c.obj
 .debug_aranges
                0x00000170       0x20 CMakeFiles/offsets.dir/arch/arm/core/offsets/offsets.c.obj
 .debug_aranges
                0x00000190       0x28 ../app/libapp.a(neopixel_driver.c.obj)
 .debug_aranges
                0x000001b8       0x68 libzephyr.a(printk.c.obj)
 .debug_aranges
                0x00000220       0x20 libzephyr.a(thread_entry.c.obj)
 .debug_aranges
                0x00000240       0x38 libzephyr.a(cbprintf_complete.c.obj)
 .debug_aranges
                0x00000278       0x20 libzephyr.a(resource_table.c.obj)
 .debug_aranges
                0x00000298       0x20 libzephyr.a(configs.c.obj)
 .debug_aranges
                0x000002b8       0x20 libzephyr.a(ctrl_partitions.c.obj)
 .debug_aranges
                0x000002d8       0x58 libzephyr.a(soc.c.obj)
 .debug_aranges
                0x00000330       0x30 arch/arch/arm/core/libarch__arm__core.a(fatal.c.obj)
 .debug_aranges
                0x00000360       0x28 arch/arch/arm/core/libarch__arm__core.a(nmi.c.obj)
 .debug_aranges
                0x00000388       0x48 arch/arch/arm/core/cortex_a_r/libarch__arm__core__cortex_a_r.a(fault.c.obj)
 .debug_aranges
                0x000003d0       0x20 arch/arch/arm/core/cortex_a_r/libarch__arm__core__cortex_a_r.a(irq_init.c.obj)
 .debug_aranges
                0x000003f0       0x30 arch/arch/arm/core/cortex_a_r/libarch__arm__core__cortex_a_r.a(reboot.c.obj)
 .debug_aranges
                0x00000420       0x18 arch/arch/arm/core/cortex_a_r/libarch__arm__core__cortex_a_r.a(stacks.c.obj)
 .debug_aranges
                0x00000438       0x20 arch/arch/arm/core/cortex_a_r/libarch__arm__core__cortex_a_r.a(irq_manage.c.obj)
 .debug_aranges
                0x00000458       0x20 arch/arch/arm/core/cortex_a_r/libarch__arm__core__cortex_a_r.a(prep_c.c.obj)
 .debug_aranges
                0x00000478       0x30 arch/arch/arm/core/cortex_a_r/libarch__arm__core__cortex_a_r.a(thread.c.obj)
 .debug_aranges
                0x000004a8       0x28 arch/arch/arm/core/cortex_a_r/libarch__arm__core__cortex_a_r.a(smp.c.obj)
 .debug_aranges
                0x000004d0       0x20 lib/libc/minimal/liblib__libc__minimal.a(exit.c.obj)
 .debug_aranges
                0x000004f0       0x90 lib/libc/minimal/liblib__libc__minimal.a(string.c.obj)
 .debug_aranges
                0x00000580       0x68 lib/libc/minimal/liblib__libc__minimal.a(stdout_console.c.obj)
 .debug_aranges
                0x000005e8       0x38 lib/libc/minimal/liblib__libc__minimal.a(fprintf.c.obj)
 .debug_aranges
                0x00000620       0x20 lib/libc/common/liblib__libc__common.a(strnlen.c.obj)
 .debug_aranges
                0x00000640       0x58 drivers/interrupt_controller/libdrivers__interrupt_controller.a(intc_vim.c.obj)
 .debug_aranges
                0x00000698       0x30 drivers/console/libdrivers__console.a(uart_console.c.obj)
 .debug_aranges
                0x000006c8       0x58 drivers/gpio/libdrivers__gpio.a(gpio_davinci.c.obj)
 .debug_aranges
                0x00000720       0x20 drivers/pinctrl/libdrivers__pinctrl.a(common.c.obj)
 .debug_aranges
                0x00000740       0x28 drivers/pinctrl/libdrivers__pinctrl.a(pinctrl_ti_k3.c.obj)
 .debug_aranges
                0x00000768       0xd0 drivers/serial/libdrivers__serial.a(uart_ns16550.c.obj)
 .debug_aranges
                0x00000838       0x40 drivers/timer/libdrivers__timer.a(ti_dmtimer.c.obj)
 .debug_aranges
                0x00000878       0x20 kernel/libkernel.a(busy_wait.c.obj)
 .debug_aranges
                0x00000898       0x40 kernel/libkernel.a(device.c.obj)
 .debug_aranges
                0x000008d8       0x38 kernel/libkernel.a(fatal.c.obj)
 .debug_aranges
                0x00000910       0x68 kernel/libkernel.a(init.c.obj)
 .debug_aranges
                0x00000978       0x20 kernel/libkernel.a(init_static.c.obj)
 .debug_aranges
                0x00000998       0x28 kernel/libkernel.a(idle.c.obj)
 .debug_aranges
                0x000009c0       0x90 kernel/libkernel.a(thread.c.obj)
 .debug_aranges
                0x00000a50      0x180 kernel/libkernel.a(sched.c.obj)
 .debug_aranges
                0x00000bd0       0x40 kernel/libkernel.a(timeslicing.c.obj)
 .debug_aranges
                0x00000c10       0x98 kernel/libkernel.a(timeout.c.obj)
 .debug_aranges
                0x00000ca8       0x20 kernel/libkernel.a(banner.c.obj)
 .debug_aranges
                0x00000cc8       0x20 /usr/lib/gcc/arm-none-eabi/14.2.1/thumb/v7-r+fp.sp/hard/libgcc.a(_udivmoddi4.o)

.debug_pubnames
 *(SORT_BY_ALIGNMENT(.debug_pubnames))

.debug_info     0x00000000    0x1f3bf
 *(SORT_BY_ALIGNMENT(.debug_info) SORT_BY_ALIGNMENT(.gnu.linkonce.wi.*))
 .debug_info    0x00000000      0x14b CMakeFiles/zephyr_final.dir/isr_tables.c.obj
 .debug_info    0x0000014b       0xe3 CMakeFiles/offsets.dir/arch/arm/core/offsets/offsets.c.obj
 .debug_info    0x0000022e      0xe24 ../app/libapp.a(neopixel_driver.c.obj)
 .debug_info    0x00001052      0x71b libzephyr.a(printk.c.obj)
 .debug_info    0x0000176d      0x6e2 libzephyr.a(thread_entry.c.obj)
 .debug_info    0x00001e4f     0x173e libzephyr.a(cbprintf_complete.c.obj)
 .debug_info    0x0000358d      0x263 libzephyr.a(resource_table.c.obj)
 .debug_info    0x000037f0       0x38 libzephyr.a(configs.c.obj)
 .debug_info    0x00003828       0xf1 libzephyr.a(ctrl_partitions.c.obj)
 .debug_info    0x00003919      0x30f libzephyr.a(soc.c.obj)
 .debug_info    0x00003c28      0x6b4 arch/arch/arm/core/libarch__arm__core.a(fatal.c.obj)
 .debug_info    0x000042dc      0x1c3 arch/arch/arm/core/libarch__arm__core.a(nmi.c.obj)
 .debug_info    0x0000449f       0x23 arch/arch/arm/core/libarch__arm__core.a(nmi_on_reset.S.obj)
 .debug_info    0x000044c2       0x24 arch/arch/arm/core/cortex_a_r/libarch__arm__core__cortex_a_r.a(exc.S.obj)
 .debug_info    0x000044e6     0x1088 arch/arch/arm/core/cortex_a_r/libarch__arm__core__cortex_a_r.a(fault.c.obj)
 .debug_info    0x0000556e       0xac arch/arch/arm/core/cortex_a_r/libarch__arm__core__cortex_a_r.a(irq_init.c.obj)
 .debug_info    0x0000561a       0xdf arch/arch/arm/core/cortex_a_r/libarch__arm__core__cortex_a_r.a(reboot.c.obj)
 .debug_info    0x000056f9       0x23 arch/arch/arm/core/cortex_a_r/libarch__arm__core__cortex_a_r.a(reset.S.obj)
 .debug_info    0x0000571c      0x20f arch/arch/arm/core/cortex_a_r/libarch__arm__core__cortex_a_r.a(stacks.c.obj)
 .debug_info    0x0000592b       0x23 arch/arch/arm/core/cortex_a_r/libarch__arm__core__cortex_a_r.a(vector_table.S.obj)
 .debug_info    0x0000594e      0x2c2 arch/arch/arm/core/cortex_a_r/libarch__arm__core__cortex_a_r.a(irq_manage.c.obj)
 .debug_info    0x00005c10      0x845 arch/arch/arm/core/cortex_a_r/libarch__arm__core__cortex_a_r.a(prep_c.c.obj)
 .debug_info    0x00006455      0xb03 arch/arch/arm/core/cortex_a_r/libarch__arm__core__cortex_a_r.a(thread.c.obj)
 .debug_info    0x00006f58       0x22 arch/arch/arm/core/cortex_a_r/libarch__arm__core__cortex_a_r.a(cpu_idle.S.obj)
 .debug_info    0x00006f7a      0xc83 arch/arch/arm/core/cortex_a_r/libarch__arm__core__cortex_a_r.a(smp.c.obj)
 .debug_info    0x00007bfd       0x24 arch/arch/arm/core/cortex_a_r/libarch__arm__core__cortex_a_r.a(isr_wrapper.S.obj)
 .debug_info    0x00007c21       0x22 arch/arch/arm/core/cortex_a_r/libarch__arm__core__cortex_a_r.a(swap_helper.S.obj)
 .debug_info    0x00007c43       0x24 arch/arch/arm/core/cortex_a_r/libarch__arm__core__cortex_a_r.a(exc_exit.S.obj)
 .debug_info    0x00007c67       0xe0 lib/libc/minimal/liblib__libc__minimal.a(exit.c.obj)
 .debug_info    0x00007d47      0x6e4 lib/libc/minimal/liblib__libc__minimal.a(string.c.obj)
 .debug_info    0x0000842b      0x83c lib/libc/minimal/liblib__libc__minimal.a(stdout_console.c.obj)
 .debug_info    0x00008c67      0x46c lib/libc/minimal/liblib__libc__minimal.a(fprintf.c.obj)
 .debug_info    0x000090d3       0xd7 lib/libc/common/liblib__libc__common.a(strnlen.c.obj)
 .debug_info    0x000091aa      0xb1c drivers/interrupt_controller/libdrivers__interrupt_controller.a(intc_vim.c.obj)
 .debug_info    0x00009cc6      0x94a drivers/console/libdrivers__console.a(uart_console.c.obj)
 .debug_info    0x0000a610      0xcdb drivers/gpio/libdrivers__gpio.a(gpio_davinci.c.obj)
 .debug_info    0x0000b2eb      0x19a drivers/pinctrl/libdrivers__pinctrl.a(common.c.obj)
 .debug_info    0x0000b485      0x498 drivers/pinctrl/libdrivers__pinctrl.a(pinctrl_ti_k3.c.obj)
 .debug_info    0x0000b91d     0x496b drivers/serial/libdrivers__serial.a(uart_ns16550.c.obj)
 .debug_info    0x00010288     0x1a60 drivers/timer/libdrivers__timer.a(ti_dmtimer.c.obj)
 .debug_info    0x00011ce8      0x1b6 kernel/libkernel.a(busy_wait.c.obj)
 .debug_info    0x00011e9e      0x3b9 kernel/libkernel.a(device.c.obj)
 .debug_info    0x00012257      0xd13 kernel/libkernel.a(fatal.c.obj)
 .debug_info    0x00012f6a     0x1763 kernel/libkernel.a(init.c.obj)
 .debug_info    0x000146cd       0x38 kernel/libkernel.a(init_static.c.obj)
 .debug_info    0x00014705      0x238 kernel/libkernel.a(idle.c.obj)
 .debug_info    0x0001493d     0x1620 kernel/libkernel.a(thread.c.obj)
 .debug_info    0x00015f5d     0x6879 kernel/libkernel.a(sched.c.obj)
 .debug_info    0x0001c7d6      0xe55 kernel/libkernel.a(timeslicing.c.obj)
 .debug_info    0x0001d62b     0x156f kernel/libkernel.a(timeout.c.obj)
 .debug_info    0x0001eb9a       0xcc kernel/libkernel.a(banner.c.obj)
 .debug_info    0x0001ec66       0x24 /usr/lib/gcc/arm-none-eabi/14.2.1/thumb/v7-r+fp.sp/hard/libgcc.a(_aeabi_uldivmod.o)
 .debug_info    0x0001ec8a      0x6f9 /usr/lib/gcc/arm-none-eabi/14.2.1/thumb/v7-r+fp.sp/hard/libgcc.a(_udivmoddi4.o)
 .debug_info    0x0001f383       0x3c /usr/lib/gcc/arm-none-eabi/14.2.1/thumb/v7-r+fp.sp/hard/libgcc.a(_dvmd_tls.o)

.debug_abbrev   0x00000000     0x6a51
 *(SORT_BY_ALIGNMENT(.debug_abbrev))
 .debug_abbrev  0x00000000       0xe1 CMakeFiles/zephyr_final.dir/isr_tables.c.obj
 .debug_abbrev  0x000000e1       0x62 CMakeFiles/offsets.dir/arch/arm/core/offsets/offsets.c.obj
 .debug_abbrev  0x00000143      0x3fc ../app/libapp.a(neopixel_driver.c.obj)
 .debug_abbrev  0x0000053f      0x320 libzephyr.a(printk.c.obj)
 .debug_abbrev  0x0000085f      0x260 libzephyr.a(thread_entry.c.obj)
 .debug_abbrev  0x00000abf      0x45b libzephyr.a(cbprintf_complete.c.obj)
 .debug_abbrev  0x00000f1a      0x101 libzephyr.a(resource_table.c.obj)
 .debug_abbrev  0x0000101b       0x2e libzephyr.a(configs.c.obj)
 .debug_abbrev  0x00001049       0x8f libzephyr.a(ctrl_partitions.c.obj)
 .debug_abbrev  0x000010d8      0x14d libzephyr.a(soc.c.obj)
 .debug_abbrev  0x00001225      0x289 arch/arch/arm/core/libarch__arm__core.a(fatal.c.obj)
 .debug_abbrev  0x000014ae       0xf5 arch/arch/arm/core/libarch__arm__core.a(nmi.c.obj)
 .debug_abbrev  0x000015a3       0x14 arch/arch/arm/core/libarch__arm__core.a(nmi_on_reset.S.obj)
 .debug_abbrev  0x000015b7       0x14 arch/arch/arm/core/cortex_a_r/libarch__arm__core__cortex_a_r.a(exc.S.obj)
 .debug_abbrev  0x000015cb      0x439 arch/arch/arm/core/cortex_a_r/libarch__arm__core__cortex_a_r.a(fault.c.obj)
 .debug_abbrev  0x00001a04       0x65 arch/arch/arm/core/cortex_a_r/libarch__arm__core__cortex_a_r.a(irq_init.c.obj)